warning: refusing to reload ordenv; ORDENV_SETUP already set
CUDA_VISIBLE_DEVICES=0
Tue Apr 29 16:02:21 2025       
+-----------------------------------------------------------------------------------------+
| NVIDIA-SMI 550.127.08             Driver Version: 550.127.08     CUDA Version: 12.4     |
|-----------------------------------------+------------------------+----------------------+
| GPU  Name                 Persistence-M | Bus-Id          Disp.A | Volatile Uncorr. ECC |
| Fan  Temp   Perf          Pwr:Usage/Cap |           Memory-Usage | GPU-Util  Compute M. |
|                                         |                        |               MIG M. |
|=========================================+========================+======================|
|   0  NVIDIA A100-SXM4-40GB          Off |   00000000:B7:00.0 Off |                    0 |
| N/A   37C    P0             57W /  400W |       1MiB /  40960MiB |      0%      Default |
|                                         |                        |             Disabled |
+-----------------------------------------+------------------------+----------------------+
                                                                                         
+-----------------------------------------------------------------------------------------+
| Processes:                                                                              |
|  GPU   GI   CI        PID   Type   Process name                              GPU Memory |
|        ID   ID                                                               Usage      |
|=========================================================================================|
|  No running processes found                                                             |
+-----------------------------------------------------------------------------------------+
INFO:root:Fold: 0
/gpfs/fs7/grdi/genarcc/common/conda/miniconda3/envs/hai_pytorch/lib/python3.12/site-packages/esm/pretrained.py:70: FutureWarning: You are using `torch.load` with `weights_only=False` (the current default value), which uses the default pickle module implicitly. It is possible to construct malicious pickle data which will execute arbitrary code during unpickling (See https://github.com/pytorch/pytorch/blob/main/SECURITY.md#untrusted-models for more details). In a future release, the default value for `weights_only` will be flipped to `True`. This limits the functions that could be executed during unpickling. Arbitrary objects will no longer be allowed to be loaded via this mode unless they are explicitly allowlisted by the user via `torch.serialization.add_safe_globals`. We recommend you start setting `weights_only=True` for any use case where you don't have full control of the loaded file. Please open an issue on GitHub for any issues related to this experimental feature.
  model_data = torch.load(str(model_location), map_location="cpu")
/gpfs/fs7/grdi/genarcc/common/conda/miniconda3/envs/hai_pytorch/lib/python3.12/site-packages/esm/pretrained.py:74: FutureWarning: You are using `torch.load` with `weights_only=False` (the current default value), which uses the default pickle module implicitly. It is possible to construct malicious pickle data which will execute arbitrary code during unpickling (See https://github.com/pytorch/pytorch/blob/main/SECURITY.md#untrusted-models for more details). In a future release, the default value for `weights_only` will be flipped to `True`. This limits the functions that could be executed during unpickling. Arbitrary objects will no longer be allowed to be loaded via this mode unless they are explicitly allowlisted by the user via `torch.serialization.add_safe_globals`. We recommend you start setting `weights_only=True` for any use case where you don't have full control of the loaded file. Please open an issue on GitHub for any issues related to this experimental feature.
  regression_data = torch.load(regression_location, map_location="cpu")
INFO:root:Start Training Model
INFO:root:Train epoch 1 in 350.015567 seconds
INFO:root:Train epoch 2 in 346.418398 seconds
INFO:root:Train epoch 3 in 346.647487 seconds
INFO:root:Train epoch 4 in 346.313145 seconds
INFO:root:Train epoch 5 in 346.728732 seconds
INFO:root:Train epoch 6 in 346.859702 seconds
INFO:root:Train epoch 7 in 347.207264 seconds
INFO:root:Train epoch 8 in 346.760566 seconds
INFO:root:Train epoch 9 in 346.808991 seconds
INFO:root:Train epoch 10 in 346.690622 seconds
INFO:root:Finish training and load weight for prediction:/gpfs/fs7/grdi/genarcc/wp1/genomics_unit/IAV/Retrain/model_weight/transformer_esm/04_HA_Protein_Subtype_t12/transformer_esm_0.pt
/gpfs/fs7/grdi/genarcc/common/conda/miniconda3/envs/hai_pytorch/lib/python3.12/site-packages/sklearn/metrics/_classification.py:2480: UserWarning: y_pred contains classes not in y_true
  warnings.warn("y_pred contains classes not in y_true")
/gpfs/fs7/grdi/genarcc/common/conda/miniconda3/envs/hai_pytorch/lib/python3.12/site-packages/sklearn/metrics/_classification.py:1531: UndefinedMetricWarning: Recall is ill-defined and being set to 0.0 in labels with no true samples. Use `zero_division` parameter to control this behavior.
  _warn_prf(average, modifier, f"{metric.capitalize()} is", len(result))
INFO:root:Fold: 1
/gpfs/fs7/grdi/genarcc/common/conda/miniconda3/envs/hai_pytorch/lib/python3.12/site-packages/esm/pretrained.py:70: FutureWarning: You are using `torch.load` with `weights_only=False` (the current default value), which uses the default pickle module implicitly. It is possible to construct malicious pickle data which will execute arbitrary code during unpickling (See https://github.com/pytorch/pytorch/blob/main/SECURITY.md#untrusted-models for more details). In a future release, the default value for `weights_only` will be flipped to `True`. This limits the functions that could be executed during unpickling. Arbitrary objects will no longer be allowed to be loaded via this mode unless they are explicitly allowlisted by the user via `torch.serialization.add_safe_globals`. We recommend you start setting `weights_only=True` for any use case where you don't have full control of the loaded file. Please open an issue on GitHub for any issues related to this experimental feature.
  model_data = torch.load(str(model_location), map_location="cpu")
/gpfs/fs7/grdi/genarcc/common/conda/miniconda3/envs/hai_pytorch/lib/python3.12/site-packages/esm/pretrained.py:74: FutureWarning: You are using `torch.load` with `weights_only=False` (the current default value), which uses the default pickle module implicitly. It is possible to construct malicious pickle data which will execute arbitrary code during unpickling (See https://github.com/pytorch/pytorch/blob/main/SECURITY.md#untrusted-models for more details). In a future release, the default value for `weights_only` will be flipped to `True`. This limits the functions that could be executed during unpickling. Arbitrary objects will no longer be allowed to be loaded via this mode unless they are explicitly allowlisted by the user via `torch.serialization.add_safe_globals`. We recommend you start setting `weights_only=True` for any use case where you don't have full control of the loaded file. Please open an issue on GitHub for any issues related to this experimental feature.
  regression_data = torch.load(regression_location, map_location="cpu")
INFO:root:Start Training Model
INFO:root:Train epoch 1 in 346.695041 seconds
INFO:root:Train epoch 2 in 346.535492 seconds
INFO:root:Train epoch 3 in 346.730053 seconds
INFO:root:Train epoch 4 in 346.771570 seconds
INFO:root:Train epoch 5 in 346.511006 seconds
INFO:root:Train epoch 6 in 346.702162 seconds
INFO:root:Train epoch 7 in 346.685806 seconds
INFO:root:Train epoch 8 in 346.899506 seconds
INFO:root:Train epoch 9 in 346.347310 seconds
INFO:root:Train epoch 10 in 347.169219 seconds
INFO:root:Train epoch 11 in 346.603554 seconds
INFO:root:Finish training and load weight for prediction:/gpfs/fs7/grdi/genarcc/wp1/genomics_unit/IAV/Retrain/model_weight/transformer_esm/04_HA_Protein_Subtype_t12/transformer_esm_1.pt
/gpfs/fs7/grdi/genarcc/common/conda/miniconda3/envs/hai_pytorch/lib/python3.12/site-packages/sklearn/metrics/_classification.py:2480: UserWarning: y_pred contains classes not in y_true
  warnings.warn("y_pred contains classes not in y_true")
/gpfs/fs7/grdi/genarcc/common/conda/miniconda3/envs/hai_pytorch/lib/python3.12/site-packages/sklearn/metrics/_classification.py:1531: UndefinedMetricWarning: Precision is ill-defined and being set to 0.0 in labels with no predicted samples. Use `zero_division` parameter to control this behavior.
  _warn_prf(average, modifier, f"{metric.capitalize()} is", len(result))
/gpfs/fs7/grdi/genarcc/common/conda/miniconda3/envs/hai_pytorch/lib/python3.12/site-packages/sklearn/metrics/_classification.py:1531: UndefinedMetricWarning: Recall is ill-defined and being set to 0.0 in labels with no true samples. Use `zero_division` parameter to control this behavior.
  _warn_prf(average, modifier, f"{metric.capitalize()} is", len(result))
INFO:root:Fold: 2
/gpfs/fs7/grdi/genarcc/common/conda/miniconda3/envs/hai_pytorch/lib/python3.12/site-packages/esm/pretrained.py:70: FutureWarning: You are using `torch.load` with `weights_only=False` (the current default value), which uses the default pickle module implicitly. It is possible to construct malicious pickle data which will execute arbitrary code during unpickling (See https://github.com/pytorch/pytorch/blob/main/SECURITY.md#untrusted-models for more details). In a future release, the default value for `weights_only` will be flipped to `True`. This limits the functions that could be executed during unpickling. Arbitrary objects will no longer be allowed to be loaded via this mode unless they are explicitly allowlisted by the user via `torch.serialization.add_safe_globals`. We recommend you start setting `weights_only=True` for any use case where you don't have full control of the loaded file. Please open an issue on GitHub for any issues related to this experimental feature.
  model_data = torch.load(str(model_location), map_location="cpu")
/gpfs/fs7/grdi/genarcc/common/conda/miniconda3/envs/hai_pytorch/lib/python3.12/site-packages/esm/pretrained.py:74: FutureWarning: You are using `torch.load` with `weights_only=False` (the current default value), which uses the default pickle module implicitly. It is possible to construct malicious pickle data which will execute arbitrary code during unpickling (See https://github.com/pytorch/pytorch/blob/main/SECURITY.md#untrusted-models for more details). In a future release, the default value for `weights_only` will be flipped to `True`. This limits the functions that could be executed during unpickling. Arbitrary objects will no longer be allowed to be loaded via this mode unless they are explicitly allowlisted by the user via `torch.serialization.add_safe_globals`. We recommend you start setting `weights_only=True` for any use case where you don't have full control of the loaded file. Please open an issue on GitHub for any issues related to this experimental feature.
  regression_data = torch.load(regression_location, map_location="cpu")
INFO:root:Start Training Model
INFO:root:Train epoch 1 in 347.214988 seconds
INFO:root:Train epoch 2 in 346.401411 seconds
INFO:root:Train epoch 3 in 346.357897 seconds
INFO:root:Train epoch 4 in 346.620256 seconds
INFO:root:Train epoch 5 in 346.530158 seconds
INFO:root:Train epoch 6 in 346.349741 seconds
INFO:root:Train epoch 7 in 346.472701 seconds
INFO:root:Train epoch 8 in 346.516409 seconds
INFO:root:Train epoch 9 in 346.987625 seconds
INFO:root:Train epoch 10 in 346.756563 seconds
INFO:root:Finish training and load weight for prediction:/gpfs/fs7/grdi/genarcc/wp1/genomics_unit/IAV/Retrain/model_weight/transformer_esm/04_HA_Protein_Subtype_t12/transformer_esm_2.pt
/gpfs/fs7/grdi/genarcc/common/conda/miniconda3/envs/hai_pytorch/lib/python3.12/site-packages/sklearn/metrics/_classification.py:2480: UserWarning: y_pred contains classes not in y_true
  warnings.warn("y_pred contains classes not in y_true")
/gpfs/fs7/grdi/genarcc/common/conda/miniconda3/envs/hai_pytorch/lib/python3.12/site-packages/sklearn/metrics/_classification.py:1531: UndefinedMetricWarning: Precision is ill-defined and being set to 0.0 in labels with no predicted samples. Use `zero_division` parameter to control this behavior.
  _warn_prf(average, modifier, f"{metric.capitalize()} is", len(result))
/gpfs/fs7/grdi/genarcc/common/conda/miniconda3/envs/hai_pytorch/lib/python3.12/site-packages/sklearn/metrics/_classification.py:1531: UndefinedMetricWarning: Recall is ill-defined and being set to 0.0 in labels with no true samples. Use `zero_division` parameter to control this behavior.
  _warn_prf(average, modifier, f"{metric.capitalize()} is", len(result))
INFO:root:Fold: 3
/gpfs/fs7/grdi/genarcc/common/conda/miniconda3/envs/hai_pytorch/lib/python3.12/site-packages/esm/pretrained.py:70: FutureWarning: You are using `torch.load` with `weights_only=False` (the current default value), which uses the default pickle module implicitly. It is possible to construct malicious pickle data which will execute arbitrary code during unpickling (See https://github.com/pytorch/pytorch/blob/main/SECURITY.md#untrusted-models for more details). In a future release, the default value for `weights_only` will be flipped to `True`. This limits the functions that could be executed during unpickling. Arbitrary objects will no longer be allowed to be loaded via this mode unless they are explicitly allowlisted by the user via `torch.serialization.add_safe_globals`. We recommend you start setting `weights_only=True` for any use case where you don't have full control of the loaded file. Please open an issue on GitHub for any issues related to this experimental feature.
  model_data = torch.load(str(model_location), map_location="cpu")
/gpfs/fs7/grdi/genarcc/common/conda/miniconda3/envs/hai_pytorch/lib/python3.12/site-packages/esm/pretrained.py:74: FutureWarning: You are using `torch.load` with `weights_only=False` (the current default value), which uses the default pickle module implicitly. It is possible to construct malicious pickle data which will execute arbitrary code during unpickling (See https://github.com/pytorch/pytorch/blob/main/SECURITY.md#untrusted-models for more details). In a future release, the default value for `weights_only` will be flipped to `True`. This limits the functions that could be executed during unpickling. Arbitrary objects will no longer be allowed to be loaded via this mode unless they are explicitly allowlisted by the user via `torch.serialization.add_safe_globals`. We recommend you start setting `weights_only=True` for any use case where you don't have full control of the loaded file. Please open an issue on GitHub for any issues related to this experimental feature.
  regression_data = torch.load(regression_location, map_location="cpu")
INFO:root:Start Training Model
INFO:root:Train epoch 1 in 346.588125 seconds
INFO:root:Train epoch 2 in 346.267769 seconds
INFO:root:Train epoch 3 in 346.528210 seconds
INFO:root:Train epoch 4 in 346.821435 seconds
INFO:root:Train epoch 5 in 346.874449 seconds
INFO:root:Train epoch 6 in 347.219713 seconds
INFO:root:Train epoch 7 in 346.472812 seconds
INFO:root:Train epoch 8 in 347.007664 seconds
INFO:root:Train epoch 9 in 346.422224 seconds
INFO:root:Train epoch 10 in 346.909670 seconds
INFO:root:Train epoch 11 in 346.931914 seconds
INFO:root:Finish training and load weight for prediction:/gpfs/fs7/grdi/genarcc/wp1/genomics_unit/IAV/Retrain/model_weight/transformer_esm/04_HA_Protein_Subtype_t12/transformer_esm_3.pt
/gpfs/fs7/grdi/genarcc/common/conda/miniconda3/envs/hai_pytorch/lib/python3.12/site-packages/sklearn/metrics/_classification.py:2480: UserWarning: y_pred contains classes not in y_true
  warnings.warn("y_pred contains classes not in y_true")
/gpfs/fs7/grdi/genarcc/common/conda/miniconda3/envs/hai_pytorch/lib/python3.12/site-packages/sklearn/metrics/_classification.py:1531: UndefinedMetricWarning: Precision is ill-defined and being set to 0.0 in labels with no predicted samples. Use `zero_division` parameter to control this behavior.
  _warn_prf(average, modifier, f"{metric.capitalize()} is", len(result))
/gpfs/fs7/grdi/genarcc/common/conda/miniconda3/envs/hai_pytorch/lib/python3.12/site-packages/sklearn/metrics/_classification.py:1531: UndefinedMetricWarning: Recall is ill-defined and being set to 0.0 in labels with no true samples. Use `zero_division` parameter to control this behavior.
  _warn_prf(average, modifier, f"{metric.capitalize()} is", len(result))
INFO:root:Fold: 4
/gpfs/fs7/grdi/genarcc/common/conda/miniconda3/envs/hai_pytorch/lib/python3.12/site-packages/esm/pretrained.py:70: FutureWarning: You are using `torch.load` with `weights_only=False` (the current default value), which uses the default pickle module implicitly. It is possible to construct malicious pickle data which will execute arbitrary code during unpickling (See https://github.com/pytorch/pytorch/blob/main/SECURITY.md#untrusted-models for more details). In a future release, the default value for `weights_only` will be flipped to `True`. This limits the functions that could be executed during unpickling. Arbitrary objects will no longer be allowed to be loaded via this mode unless they are explicitly allowlisted by the user via `torch.serialization.add_safe_globals`. We recommend you start setting `weights_only=True` for any use case where you don't have full control of the loaded file. Please open an issue on GitHub for any issues related to this experimental feature.
  model_data = torch.load(str(model_location), map_location="cpu")
/gpfs/fs7/grdi/genarcc/common/conda/miniconda3/envs/hai_pytorch/lib/python3.12/site-packages/esm/pretrained.py:74: FutureWarning: You are using `torch.load` with `weights_only=False` (the current default value), which uses the default pickle module implicitly. It is possible to construct malicious pickle data which will execute arbitrary code during unpickling (See https://github.com/pytorch/pytorch/blob/main/SECURITY.md#untrusted-models for more details). In a future release, the default value for `weights_only` will be flipped to `True`. This limits the functions that could be executed during unpickling. Arbitrary objects will no longer be allowed to be loaded via this mode unless they are explicitly allowlisted by the user via `torch.serialization.add_safe_globals`. We recommend you start setting `weights_only=True` for any use case where you don't have full control of the loaded file. Please open an issue on GitHub for any issues related to this experimental feature.
  regression_data = torch.load(regression_location, map_location="cpu")
INFO:root:Start Training Model
INFO:root:Train epoch 1 in 346.862623 seconds
INFO:root:Train epoch 2 in 346.399508 seconds
INFO:root:Train epoch 3 in 346.736311 seconds
INFO:root:Train epoch 4 in 346.750841 seconds
INFO:root:Train epoch 5 in 346.334081 seconds
INFO:root:Train epoch 6 in 346.861760 seconds
INFO:root:Train epoch 7 in 346.472700 seconds
INFO:root:Train epoch 8 in 346.527316 seconds
INFO:root:Train epoch 9 in 346.544189 seconds
INFO:root:Train epoch 10 in 346.662091 seconds
INFO:root:Finish training and load weight for prediction:/gpfs/fs7/grdi/genarcc/wp1/genomics_unit/IAV/Retrain/model_weight/transformer_esm/04_HA_Protein_Subtype_t12/transformer_esm_4.pt
/gpfs/fs7/grdi/genarcc/common/conda/miniconda3/envs/hai_pytorch/lib/python3.12/site-packages/sklearn/metrics/_classification.py:2480: UserWarning: y_pred contains classes not in y_true
  warnings.warn("y_pred contains classes not in y_true")
/gpfs/fs7/grdi/genarcc/common/conda/miniconda3/envs/hai_pytorch/lib/python3.12/site-packages/sklearn/metrics/_classification.py:1531: UndefinedMetricWarning: Recall is ill-defined and being set to 0.0 in labels with no true samples. Use `zero_division` parameter to control this behavior.
  _warn_prf(average, modifier, f"{metric.capitalize()} is", len(result))
INFO:root:Fold: 5
/gpfs/fs7/grdi/genarcc/common/conda/miniconda3/envs/hai_pytorch/lib/python3.12/site-packages/esm/pretrained.py:70: FutureWarning: You are using `torch.load` with `weights_only=False` (the current default value), which uses the default pickle module implicitly. It is possible to construct malicious pickle data which will execute arbitrary code during unpickling (See https://github.com/pytorch/pytorch/blob/main/SECURITY.md#untrusted-models for more details). In a future release, the default value for `weights_only` will be flipped to `True`. This limits the functions that could be executed during unpickling. Arbitrary objects will no longer be allowed to be loaded via this mode unless they are explicitly allowlisted by the user via `torch.serialization.add_safe_globals`. We recommend you start setting `weights_only=True` for any use case where you don't have full control of the loaded file. Please open an issue on GitHub for any issues related to this experimental feature.
  model_data = torch.load(str(model_location), map_location="cpu")
/gpfs/fs7/grdi/genarcc/common/conda/miniconda3/envs/hai_pytorch/lib/python3.12/site-packages/esm/pretrained.py:74: FutureWarning: You are using `torch.load` with `weights_only=False` (the current default value), which uses the default pickle module implicitly. It is possible to construct malicious pickle data which will execute arbitrary code during unpickling (See https://github.com/pytorch/pytorch/blob/main/SECURITY.md#untrusted-models for more details). In a future release, the default value for `weights_only` will be flipped to `True`. This limits the functions that could be executed during unpickling. Arbitrary objects will no longer be allowed to be loaded via this mode unless they are explicitly allowlisted by the user via `torch.serialization.add_safe_globals`. We recommend you start setting `weights_only=True` for any use case where you don't have full control of the loaded file. Please open an issue on GitHub for any issues related to this experimental feature.
  regression_data = torch.load(regression_location, map_location="cpu")
INFO:root:Start Training Model
INFO:root:Train epoch 1 in 346.217757 seconds
INFO:root:Train epoch 2 in 346.639994 seconds
INFO:root:Train epoch 3 in 346.876058 seconds
INFO:root:Train epoch 4 in 346.318981 seconds
INFO:root:Train epoch 5 in 346.971967 seconds
INFO:root:Train epoch 6 in 346.594890 seconds
INFO:root:Train epoch 7 in 346.220118 seconds
INFO:root:Train epoch 8 in 346.993659 seconds
INFO:root:Train epoch 9 in 346.742808 seconds
INFO:root:Train epoch 10 in 345.871640 seconds
INFO:root:Train epoch 11 in 345.568881 seconds
INFO:root:Train epoch 12 in 345.670842 seconds
INFO:root:Train epoch 13 in 345.546221 seconds
INFO:root:Train epoch 14 in 345.714949 seconds
INFO:root:Finish training and load weight for prediction:/gpfs/fs7/grdi/genarcc/wp1/genomics_unit/IAV/Retrain/model_weight/transformer_esm/04_HA_Protein_Subtype_t12/transformer_esm_5.pt
/gpfs/fs7/grdi/genarcc/common/conda/miniconda3/envs/hai_pytorch/lib/python3.12/site-packages/sklearn/metrics/_classification.py:2480: UserWarning: y_pred contains classes not in y_true
  warnings.warn("y_pred contains classes not in y_true")
/gpfs/fs7/grdi/genarcc/common/conda/miniconda3/envs/hai_pytorch/lib/python3.12/site-packages/sklearn/metrics/_classification.py:1531: UndefinedMetricWarning: Recall is ill-defined and being set to 0.0 in labels with no true samples. Use `zero_division` parameter to control this behavior.
  _warn_prf(average, modifier, f"{metric.capitalize()} is", len(result))
INFO:root:Fold: 6
/gpfs/fs7/grdi/genarcc/common/conda/miniconda3/envs/hai_pytorch/lib/python3.12/site-packages/esm/pretrained.py:70: FutureWarning: You are using `torch.load` with `weights_only=False` (the current default value), which uses the default pickle module implicitly. It is possible to construct malicious pickle data which will execute arbitrary code during unpickling (See https://github.com/pytorch/pytorch/blob/main/SECURITY.md#untrusted-models for more details). In a future release, the default value for `weights_only` will be flipped to `True`. This limits the functions that could be executed during unpickling. Arbitrary objects will no longer be allowed to be loaded via this mode unless they are explicitly allowlisted by the user via `torch.serialization.add_safe_globals`. We recommend you start setting `weights_only=True` for any use case where you don't have full control of the loaded file. Please open an issue on GitHub for any issues related to this experimental feature.
  model_data = torch.load(str(model_location), map_location="cpu")
/gpfs/fs7/grdi/genarcc/common/conda/miniconda3/envs/hai_pytorch/lib/python3.12/site-packages/esm/pretrained.py:74: FutureWarning: You are using `torch.load` with `weights_only=False` (the current default value), which uses the default pickle module implicitly. It is possible to construct malicious pickle data which will execute arbitrary code during unpickling (See https://github.com/pytorch/pytorch/blob/main/SECURITY.md#untrusted-models for more details). In a future release, the default value for `weights_only` will be flipped to `True`. This limits the functions that could be executed during unpickling. Arbitrary objects will no longer be allowed to be loaded via this mode unless they are explicitly allowlisted by the user via `torch.serialization.add_safe_globals`. We recommend you start setting `weights_only=True` for any use case where you don't have full control of the loaded file. Please open an issue on GitHub for any issues related to this experimental feature.
  regression_data = torch.load(regression_location, map_location="cpu")
INFO:root:Start Training Model
INFO:root:Train epoch 1 in 345.528778 seconds
INFO:root:Train epoch 2 in 345.751305 seconds
INFO:root:Train epoch 3 in 345.512737 seconds
INFO:root:Train epoch 4 in 345.663269 seconds
INFO:root:Train epoch 5 in 345.518860 seconds
INFO:root:Train epoch 6 in 345.761950 seconds
INFO:root:Train epoch 7 in 345.557305 seconds
INFO:root:Train epoch 8 in 345.719612 seconds
INFO:root:Train epoch 9 in 345.551318 seconds
INFO:root:Finish training and load weight for prediction:/gpfs/fs7/grdi/genarcc/wp1/genomics_unit/IAV/Retrain/model_weight/transformer_esm/04_HA_Protein_Subtype_t12/transformer_esm_6.pt
/gpfs/fs7/grdi/genarcc/common/conda/miniconda3/envs/hai_pytorch/lib/python3.12/site-packages/sklearn/metrics/_classification.py:2480: UserWarning: y_pred contains classes not in y_true
  warnings.warn("y_pred contains classes not in y_true")
/gpfs/fs7/grdi/genarcc/common/conda/miniconda3/envs/hai_pytorch/lib/python3.12/site-packages/sklearn/metrics/_classification.py:1531: UndefinedMetricWarning: Recall is ill-defined and being set to 0.0 in labels with no true samples. Use `zero_division` parameter to control this behavior.
  _warn_prf(average, modifier, f"{metric.capitalize()} is", len(result))
INFO:root:Fold: 7
/gpfs/fs7/grdi/genarcc/common/conda/miniconda3/envs/hai_pytorch/lib/python3.12/site-packages/esm/pretrained.py:70: FutureWarning: You are using `torch.load` with `weights_only=False` (the current default value), which uses the default pickle module implicitly. It is possible to construct malicious pickle data which will execute arbitrary code during unpickling (See https://github.com/pytorch/pytorch/blob/main/SECURITY.md#untrusted-models for more details). In a future release, the default value for `weights_only` will be flipped to `True`. This limits the functions that could be executed during unpickling. Arbitrary objects will no longer be allowed to be loaded via this mode unless they are explicitly allowlisted by the user via `torch.serialization.add_safe_globals`. We recommend you start setting `weights_only=True` for any use case where you don't have full control of the loaded file. Please open an issue on GitHub for any issues related to this experimental feature.
  model_data = torch.load(str(model_location), map_location="cpu")
/gpfs/fs7/grdi/genarcc/common/conda/miniconda3/envs/hai_pytorch/lib/python3.12/site-packages/esm/pretrained.py:74: FutureWarning: You are using `torch.load` with `weights_only=False` (the current default value), which uses the default pickle module implicitly. It is possible to construct malicious pickle data which will execute arbitrary code during unpickling (See https://github.com/pytorch/pytorch/blob/main/SECURITY.md#untrusted-models for more details). In a future release, the default value for `weights_only` will be flipped to `True`. This limits the functions that could be executed during unpickling. Arbitrary objects will no longer be allowed to be loaded via this mode unless they are explicitly allowlisted by the user via `torch.serialization.add_safe_globals`. We recommend you start setting `weights_only=True` for any use case where you don't have full control of the loaded file. Please open an issue on GitHub for any issues related to this experimental feature.
  regression_data = torch.load(regression_location, map_location="cpu")
INFO:root:Start Training Model
INFO:root:Train epoch 1 in 345.537663 seconds
INFO:root:Train epoch 2 in 345.504829 seconds
INFO:root:Train epoch 3 in 345.547307 seconds
INFO:root:Train epoch 4 in 345.537627 seconds
INFO:root:Train epoch 5 in 345.562708 seconds
INFO:root:Train epoch 6 in 345.605341 seconds
INFO:root:Train epoch 7 in 345.394263 seconds
INFO:root:Train epoch 8 in 346.427907 seconds
INFO:root:Train epoch 9 in 346.547848 seconds
INFO:root:Train epoch 10 in 346.207381 seconds
INFO:root:Finish training and load weight for prediction:/gpfs/fs7/grdi/genarcc/wp1/genomics_unit/IAV/Retrain/model_weight/transformer_esm/04_HA_Protein_Subtype_t12/transformer_esm_7.pt
/gpfs/fs7/grdi/genarcc/common/conda/miniconda3/envs/hai_pytorch/lib/python3.12/site-packages/sklearn/metrics/_classification.py:2480: UserWarning: y_pred contains classes not in y_true
  warnings.warn("y_pred contains classes not in y_true")
/gpfs/fs7/grdi/genarcc/common/conda/miniconda3/envs/hai_pytorch/lib/python3.12/site-packages/sklearn/metrics/_classification.py:1531: UndefinedMetricWarning: Recall is ill-defined and being set to 0.0 in labels with no true samples. Use `zero_division` parameter to control this behavior.
  _warn_prf(average, modifier, f"{metric.capitalize()} is", len(result))
/gpfs/fs7/grdi/genarcc/common/conda/miniconda3/envs/hai_pytorch/lib/python3.12/site-packages/sklearn/metrics/_classification.py:2480: UserWarning: y_pred contains classes not in y_true
  warnings.warn("y_pred contains classes not in y_true")
/gpfs/fs7/grdi/genarcc/common/conda/miniconda3/envs/hai_pytorch/lib/python3.12/site-packages/sklearn/metrics/_classification.py:1531: UndefinedMetricWarning: Precision is ill-defined and being set to 0.0 in labels with no predicted samples. Use `zero_division` parameter to control this behavior.
  _warn_prf(average, modifier, f"{metric.capitalize()} is", len(result))
/gpfs/fs7/grdi/genarcc/common/conda/miniconda3/envs/hai_pytorch/lib/python3.12/site-packages/sklearn/metrics/_classification.py:1531: UndefinedMetricWarning: Recall is ill-defined and being set to 0.0 in labels with no true samples. Use `zero_division` parameter to control this behavior.
  _warn_prf(average, modifier, f"{metric.capitalize()} is", len(result))
INFO:root:Fold: 8
/gpfs/fs7/grdi/genarcc/common/conda/miniconda3/envs/hai_pytorch/lib/python3.12/site-packages/esm/pretrained.py:70: FutureWarning: You are using `torch.load` with `weights_only=False` (the current default value), which uses the default pickle module implicitly. It is possible to construct malicious pickle data which will execute arbitrary code during unpickling (See https://github.com/pytorch/pytorch/blob/main/SECURITY.md#untrusted-models for more details). In a future release, the default value for `weights_only` will be flipped to `True`. This limits the functions that could be executed during unpickling. Arbitrary objects will no longer be allowed to be loaded via this mode unless they are explicitly allowlisted by the user via `torch.serialization.add_safe_globals`. We recommend you start setting `weights_only=True` for any use case where you don't have full control of the loaded file. Please open an issue on GitHub for any issues related to this experimental feature.
  model_data = torch.load(str(model_location), map_location="cpu")
/gpfs/fs7/grdi/genarcc/common/conda/miniconda3/envs/hai_pytorch/lib/python3.12/site-packages/esm/pretrained.py:74: FutureWarning: You are using `torch.load` with `weights_only=False` (the current default value), which uses the default pickle module implicitly. It is possible to construct malicious pickle data which will execute arbitrary code during unpickling (See https://github.com/pytorch/pytorch/blob/main/SECURITY.md#untrusted-models for more details). In a future release, the default value for `weights_only` will be flipped to `True`. This limits the functions that could be executed during unpickling. Arbitrary objects will no longer be allowed to be loaded via this mode unless they are explicitly allowlisted by the user via `torch.serialization.add_safe_globals`. We recommend you start setting `weights_only=True` for any use case where you don't have full control of the loaded file. Please open an issue on GitHub for any issues related to this experimental feature.
  regression_data = torch.load(regression_location, map_location="cpu")
INFO:root:Start Training Model
INFO:root:Train epoch 1 in 346.563543 seconds
INFO:root:Train epoch 2 in 346.379602 seconds
INFO:root:Train epoch 3 in 346.342717 seconds
INFO:root:Train epoch 4 in 346.722215 seconds
INFO:root:Train epoch 5 in 346.340025 seconds
INFO:root:Train epoch 6 in 346.626982 seconds
INFO:root:Train epoch 7 in 346.398158 seconds
INFO:root:Train epoch 8 in 346.025197 seconds
INFO:root:Train epoch 9 in 346.430428 seconds
INFO:root:Finish training and load weight for prediction:/gpfs/fs7/grdi/genarcc/wp1/genomics_unit/IAV/Retrain/model_weight/transformer_esm/04_HA_Protein_Subtype_t12/transformer_esm_8.pt
/gpfs/fs7/grdi/genarcc/common/conda/miniconda3/envs/hai_pytorch/lib/python3.12/site-packages/sklearn/metrics/_classification.py:2480: UserWarning: y_pred contains classes not in y_true
  warnings.warn("y_pred contains classes not in y_true")
/gpfs/fs7/grdi/genarcc/common/conda/miniconda3/envs/hai_pytorch/lib/python3.12/site-packages/sklearn/metrics/_classification.py:1531: UndefinedMetricWarning: Precision is ill-defined and being set to 0.0 in labels with no predicted samples. Use `zero_division` parameter to control this behavior.
  _warn_prf(average, modifier, f"{metric.capitalize()} is", len(result))
/gpfs/fs7/grdi/genarcc/common/conda/miniconda3/envs/hai_pytorch/lib/python3.12/site-packages/sklearn/metrics/_classification.py:1531: UndefinedMetricWarning: Recall is ill-defined and being set to 0.0 in labels with no true samples. Use `zero_division` parameter to control this behavior.
  _warn_prf(average, modifier, f"{metric.capitalize()} is", len(result))
INFO:root:Fold: 9
/gpfs/fs7/grdi/genarcc/common/conda/miniconda3/envs/hai_pytorch/lib/python3.12/site-packages/esm/pretrained.py:70: FutureWarning: You are using `torch.load` with `weights_only=False` (the current default value), which uses the default pickle module implicitly. It is possible to construct malicious pickle data which will execute arbitrary code during unpickling (See https://github.com/pytorch/pytorch/blob/main/SECURITY.md#untrusted-models for more details). In a future release, the default value for `weights_only` will be flipped to `True`. This limits the functions that could be executed during unpickling. Arbitrary objects will no longer be allowed to be loaded via this mode unless they are explicitly allowlisted by the user via `torch.serialization.add_safe_globals`. We recommend you start setting `weights_only=True` for any use case where you don't have full control of the loaded file. Please open an issue on GitHub for any issues related to this experimental feature.
  model_data = torch.load(str(model_location), map_location="cpu")
/gpfs/fs7/grdi/genarcc/common/conda/miniconda3/envs/hai_pytorch/lib/python3.12/site-packages/esm/pretrained.py:74: FutureWarning: You are using `torch.load` with `weights_only=False` (the current default value), which uses the default pickle module implicitly. It is possible to construct malicious pickle data which will execute arbitrary code during unpickling (See https://github.com/pytorch/pytorch/blob/main/SECURITY.md#untrusted-models for more details). In a future release, the default value for `weights_only` will be flipped to `True`. This limits the functions that could be executed during unpickling. Arbitrary objects will no longer be allowed to be loaded via this mode unless they are explicitly allowlisted by the user via `torch.serialization.add_safe_globals`. We recommend you start setting `weights_only=True` for any use case where you don't have full control of the loaded file. Please open an issue on GitHub for any issues related to this experimental feature.
  regression_data = torch.load(regression_location, map_location="cpu")
INFO:root:Start Training Model
INFO:root:Train epoch 1 in 346.162225 seconds
INFO:root:Train epoch 2 in 346.470438 seconds
INFO:root:Train epoch 3 in 346.492115 seconds
INFO:root:Train epoch 4 in 345.923325 seconds
INFO:root:Train epoch 5 in 346.450919 seconds
INFO:root:Train epoch 6 in 346.270939 seconds
INFO:root:Train epoch 7 in 346.258725 seconds
INFO:root:Train epoch 8 in 346.183062 seconds
INFO:root:Train epoch 9 in 346.292083 seconds
INFO:root:Train epoch 10 in 346.464852 seconds
INFO:root:Train epoch 11 in 346.476937 seconds
INFO:root:Train epoch 12 in 346.368519 seconds
INFO:root:Train epoch 13 in 346.360825 seconds
INFO:root:Finish training and load weight for prediction:/gpfs/fs7/grdi/genarcc/wp1/genomics_unit/IAV/Retrain/model_weight/transformer_esm/04_HA_Protein_Subtype_t12/transformer_esm_9.pt
/gpfs/fs7/grdi/genarcc/common/conda/miniconda3/envs/hai_pytorch/lib/python3.12/site-packages/sklearn/metrics/_classification.py:2480: UserWarning: y_pred contains classes not in y_true
  warnings.warn("y_pred contains classes not in y_true")
/gpfs/fs7/grdi/genarcc/common/conda/miniconda3/envs/hai_pytorch/lib/python3.12/site-packages/sklearn/metrics/_classification.py:1531: UndefinedMetricWarning: Precision is ill-defined and being set to 0.0 in labels with no predicted samples. Use `zero_division` parameter to control this behavior.
  _warn_prf(average, modifier, f"{metric.capitalize()} is", len(result))
/gpfs/fs7/grdi/genarcc/common/conda/miniconda3/envs/hai_pytorch/lib/python3.12/site-packages/sklearn/metrics/_classification.py:1531: UndefinedMetricWarning: Recall is ill-defined and being set to 0.0 in labels with no true samples. Use `zero_division` parameter to control this behavior.
  _warn_prf(average, modifier, f"{metric.capitalize()} is", len(result))
Training data shape: (36788, 586) (36788,)
Test High-quality Data Shape: (36252, 586) (36252,)
Test Low-quality Data Shape (Post 2020): (1222, 586) (1222,)
Number of classes: 18
Fold: 0
Total Trainable Parameters:  33563302
Total Parameters:  33563302
----Epoch:1----
Training Time : 350.0155668258667
Val Infer Time: 16.8938205242157
BAS Score on Validation Data: 0.9961111111111111
Loss on Validation Data: 0.03869106769561768
Validation loss decreased (inf --> 0.038691).  Saving model ...
----Epoch:2----
Training Time : 346.41839814186096
Val Infer Time: 16.885992527008057
BAS Score on Validation Data: 0.9640789268247398
Loss on Validation Data: 0.06440040141991947
EarlyStopping counter: 1 out of 7
----Epoch:3----
Training Time : 346.6474871635437
Val Infer Time: 16.907333612442017
BAS Score on Validation Data: 1.0
Loss on Validation Data: 0.00030162023461383325
Validation loss decreased (0.038691 --> 0.000302).  Saving model ...
----Epoch:4----
Training Time : 346.31314516067505
Val Infer Time: 16.904380321502686
BAS Score on Validation Data: 0.9416666666666667
Loss on Validation Data: 0.14663866917076318
EarlyStopping counter: 1 out of 7
----Epoch:5----
Training Time : 346.72873187065125
Val Infer Time: 16.90820860862732
BAS Score on Validation Data: 1.0
Loss on Validation Data: 2.715969863145248e-05
EarlyStopping counter: 2 out of 7
----Epoch:6----
Training Time : 346.8597023487091
Val Infer Time: 16.903549432754517
BAS Score on Validation Data: 1.0
Loss on Validation Data: 1.4057139987530915e-05
EarlyStopping counter: 3 out of 7
----Epoch:7----
Training Time : 347.20726442337036
Val Infer Time: 16.91687798500061
BAS Score on Validation Data: 1.0
Loss on Validation Data: 1.3441430485766866e-05
EarlyStopping counter: 4 out of 7
----Epoch:8----
Training Time : 346.7605655193329
Val Infer Time: 16.90209698677063
BAS Score on Validation Data: 1.0
Loss on Validation Data: 4.083015348600305e-06
EarlyStopping counter: 5 out of 7
----Epoch:9----
Training Time : 346.8089907169342
Val Infer Time: 16.904767751693726
BAS Score on Validation Data: 0.9991708126036484
Loss on Validation Data: 0.0020490129680737204
EarlyStopping counter: 6 out of 7
----Epoch:10----
Training Time : 346.69062209129333
Val Infer Time: 16.9099862575531
BAS Score on Validation Data: 0.9980555555555556
Loss on Validation Data: 0.0033495992098165595
EarlyStopping counter: 7 out of 7
Early Stop
Load the best weight after training: /gpfs/fs7/grdi/genarcc/wp1/genomics_unit/IAV/Retrain/model_weight/transformer_esm/04_HA_Protein_Subtype_t12/transformer_esm_0.pt
Inference Test Time: 166.51365160942078
Inference Test Time: 5.662096977233887
High Quality
0.9704534215466748 0.954700721372374 0.9604141333750165 0.9704534215466748 0.9991434817758542
              precision    recall  f1-score   support

           0       1.00      1.00      1.00     14668
           1       1.00      1.00      1.00        26
           2       1.00      1.00      1.00     16783
           3       0.99      1.00      0.99        79
           4       1.00      1.00      1.00      3624
           5       1.00      1.00      1.00       183
           6       1.00      1.00      1.00       111
           7       0.46      1.00      0.63        13
           8       1.00      1.00      1.00       545
           9       1.00      1.00      1.00        76
          10       1.00      1.00      1.00        76
          11       1.00      0.56      0.72        34
          12       0.95      1.00      0.98        21
          13       1.00      1.00      1.00         3
          15       1.00      1.00      1.00        10

    accuracy                           1.00     36252
   macro avg       0.96      0.97      0.95     36252
weighted avg       1.00      1.00      1.00     36252

Low Quality
0.9657395611524052 0.48699189373144985 0.4915611814345991 0.4828697805762026 0.896765670769717
              precision    recall  f1-score   support

           0       1.00      0.96      0.98       585
           1       0.00       nan      0.00         0
           2       1.00      0.91      0.95       545
           3       0.00       nan      0.00         0
           4       0.90      0.92      0.91        77
           5       1.00      1.00      1.00         2
           8       1.00      1.00      1.00        12
           9       0.00       nan      0.00         0
          10       0.00       nan      0.00         0
          12       0.00       nan      0.00         0
          14       0.00       nan      0.00         0
          15       1.00      1.00      1.00         1

    accuracy                           0.94      1222
   macro avg       0.49      0.97      0.49      1222
weighted avg       0.99      0.94      0.96      1222


High Quality Post 2020
                     mean  std  sem  count
Model                                     
transformer_esm  0.954701  NaN  NaN      1
                     mean  std  sem  count
Model                                     
transformer_esm  0.970453  NaN  NaN      1
                     mean  std  sem  count
Model                                     
transformer_esm  0.999143  NaN  NaN      1

Low Quality Post 2020
                     mean  std  sem  count
Model                                     
transformer_esm  0.486992  NaN  NaN      1
                    mean  std  sem  count
Model                                    
transformer_esm  0.96574  NaN  NaN      1
                     mean  std  sem  count
Model                                     
transformer_esm  0.896766  NaN  NaN      1
Saving Results
Fold: 1
Total Trainable Parameters:  33563302
Total Parameters:  33563302
----Epoch:1----
Training Time : 346.695041179657
Val Infer Time: 16.87679433822632
BAS Score on Validation Data: 1.0
Loss on Validation Data: 0.029990301443182904
Validation loss decreased (inf --> 0.029990).  Saving model ...
----Epoch:2----
Training Time : 346.5354919433594
Val Infer Time: 16.905895709991455
BAS Score on Validation Data: 0.9895775242923533
Loss on Validation Data: 0.034009213421655735
EarlyStopping counter: 1 out of 7
----Epoch:3----
Training Time : 346.73005294799805
Val Infer Time: 16.92753767967224
BAS Score on Validation Data: 0.9990740740740741
Loss on Validation Data: 0.0012810198185236558
Validation loss decreased (0.029990 --> 0.001281).  Saving model ...
----Epoch:4----
Training Time : 346.7715697288513
Val Infer Time: 16.90737795829773
BAS Score on Validation Data: 1.0
Loss on Validation Data: 0.0001407867864422176
Validation loss decreased (0.001281 --> 0.000141).  Saving model ...
----Epoch:5----
Training Time : 346.5110058784485
Val Infer Time: 16.925010204315186
BAS Score on Validation Data: 1.0
Loss on Validation Data: 4.133083250211633e-05
EarlyStopping counter: 1 out of 7
----Epoch:6----
Training Time : 346.7021622657776
Val Infer Time: 16.890608549118042
BAS Score on Validation Data: 0.9992592592592592
Loss on Validation Data: 0.000537248441706533
EarlyStopping counter: 2 out of 7
----Epoch:7----
Training Time : 346.6858057975769
Val Infer Time: 16.91194772720337
BAS Score on Validation Data: 1.0
Loss on Validation Data: 8.939786449722622e-05
EarlyStopping counter: 3 out of 7
----Epoch:8----
Training Time : 346.89950609207153
Val Infer Time: 16.91319251060486
BAS Score on Validation Data: 1.0
Loss on Validation Data: 6.457094265067059e-06
EarlyStopping counter: 4 out of 7
----Epoch:9----
Training Time : 346.347309589386
Val Infer Time: 16.925962686538696
BAS Score on Validation Data: 1.0
Loss on Validation Data: 3.370901812677798e-06
EarlyStopping counter: 5 out of 7
----Epoch:10----
Training Time : 347.16921949386597
Val Infer Time: 16.939034700393677
BAS Score on Validation Data: 1.0
Loss on Validation Data: 3.874658242515896e-06
EarlyStopping counter: 6 out of 7
----Epoch:11----
Training Time : 346.6035535335541
Val Infer Time: 16.895761489868164
BAS Score on Validation Data: 1.0
Loss on Validation Data: 2.952367067337036e-05
EarlyStopping counter: 7 out of 7
Early Stop
Load the best weight after training: /gpfs/fs7/grdi/genarcc/wp1/genomics_unit/IAV/Retrain/model_weight/transformer_esm/04_HA_Protein_Subtype_t12/transformer_esm_1.pt
Inference Test Time: 166.54766869544983
Inference Test Time: 5.653388023376465
High Quality
0.9998174818689151 0.9948364795237142 0.9905717637039398 0.9998174818689151 0.9993239018126406
              precision    recall  f1-score   support

           0       1.00      1.00      1.00     14668
           1       1.00      1.00      1.00        26
           2       1.00      1.00      1.00     16783
           3       0.86      1.00      0.92        79
           4       1.00      1.00      1.00      3624
           5       1.00      1.00      1.00       183
           6       1.00      1.00      1.00       111
           7       1.00      1.00      1.00        13
           8       1.00      1.00      1.00       545
           9       1.00      1.00      1.00        76
          10       1.00      1.00      1.00        76
          11       1.00      1.00      1.00        34
          12       1.00      1.00      1.00        21
          13       1.00      1.00      1.00         3
          15       1.00      1.00      1.00        10

    accuracy                           1.00     36252
   macro avg       0.99      1.00      0.99     36252
weighted avg       1.00      1.00      1.00     36252

Low Quality
0.6159807233201728 0.4265041090109815 0.4444444444444444 0.4106538155467819 0.8412138656629247
              precision    recall  f1-score   support

           0       1.00      0.85      0.92       585
           2       1.00      0.95      0.97       545
           3       0.00       nan      0.00         0
           4       1.00      0.90      0.95        77
           5        nan      0.00      0.00         2
           7       0.00       nan      0.00         0
           8       1.00      1.00      1.00        12
          13       0.00       nan      0.00         0
          15        nan      0.00      0.00         1

    accuracy                           0.90      1222
   macro avg       0.57      0.62      0.43      1222
weighted avg       1.00      0.90      0.94      1222


High Quality Post 2020
                     mean      std       sem  count
Model                                              
transformer_esm  0.974769  0.02838  0.020068      2
                     mean       std       sem  count
Model                                               
transformer_esm  0.985135  0.020764  0.014682      2
                     mean       std      sem  count
Model                                              
transformer_esm  0.999234  0.000128  0.00009      2

Low Quality Post 2020
                     mean       std       sem  count
Model                                               
transformer_esm  0.456748  0.042771  0.030244      2
                    mean       std       sem  count
Model                                              
transformer_esm  0.79086  0.247317  0.174879      2
                    mean       std       sem  count
Model                                              
transformer_esm  0.86899  0.039281  0.027776      2
Saving Results
Fold: 2
Total Trainable Parameters:  33563302
Total Parameters:  33563302
----Epoch:1----
Training Time : 347.2149877548218
Val Infer Time: 16.888227701187134
BAS Score on Validation Data: 0.9972222222222222
Loss on Validation Data: 0.04300889606061189
Validation loss decreased (inf --> 0.043009).  Saving model ...
----Epoch:2----
Training Time : 346.4014105796814
Val Infer Time: 16.91882824897766
BAS Score on Validation Data: 1.0
Loss on Validation Data: 0.0018134193575900534
Validation loss decreased (0.043009 --> 0.001813).  Saving model ...
----Epoch:3----
Training Time : 346.35789728164673
Val Infer Time: 16.90467667579651
BAS Score on Validation Data: 1.0
Loss on Validation Data: 0.00032607407673545505
Validation loss decreased (0.001813 --> 0.000326).  Saving model ...
----Epoch:4----
Training Time : 346.62025570869446
Val Infer Time: 16.891175270080566
BAS Score on Validation Data: 1.0
Loss on Validation Data: 0.0002808515144431073
EarlyStopping counter: 1 out of 7
----Epoch:5----
Training Time : 346.5301580429077
Val Infer Time: 16.893030166625977
BAS Score on Validation Data: 1.0
Loss on Validation Data: 6.565522888432379e-05
EarlyStopping counter: 2 out of 7
----Epoch:6----
Training Time : 346.3497414588928
Val Infer Time: 16.87370276451111
BAS Score on Validation Data: 1.0
Loss on Validation Data: 2.1978338127550873e-05
EarlyStopping counter: 3 out of 7
----Epoch:7----
Training Time : 346.4727008342743
Val Infer Time: 16.873949766159058
BAS Score on Validation Data: 1.0
Loss on Validation Data: 1.4968831901964934e-05
EarlyStopping counter: 4 out of 7
----Epoch:8----
Training Time : 346.51640915870667
Val Infer Time: 16.9126718044281
BAS Score on Validation Data: 1.0
Loss on Validation Data: 3.293846612391264e-05
EarlyStopping counter: 5 out of 7
----Epoch:9----
Training Time : 346.98762488365173
Val Infer Time: 16.92419457435608
BAS Score on Validation Data: 1.0
Loss on Validation Data: 9.344097064888996e-06
EarlyStopping counter: 6 out of 7
----Epoch:10----
Training Time : 346.7565634250641
Val Infer Time: 16.855774641036987
BAS Score on Validation Data: 1.0
Loss on Validation Data: 4.934811073800792e-06
EarlyStopping counter: 7 out of 7
Early Stop
Load the best weight after training: /gpfs/fs7/grdi/genarcc/wp1/genomics_unit/IAV/Retrain/model_weight/transformer_esm/04_HA_Protein_Subtype_t12/transformer_esm_2.pt
Inference Test Time: 166.13641905784607
Inference Test Time: 5.633932113647461
High Quality
0.9998413526113727 0.9618214061450239 0.9515072041268621 0.9998413526113727 0.9995491824741088
              precision    recall  f1-score   support

           0       1.00      1.00      1.00     14668
           1       1.00      1.00      1.00        26
           2       1.00      1.00      1.00     16783
           3       1.00      1.00      1.00        79
           4       1.00      1.00      1.00      3624
           5       1.00      1.00      1.00       183
           6       1.00      1.00      1.00       111
           7       1.00      1.00      1.00        13
           8       1.00      1.00      1.00       545
           9       1.00      1.00      1.00        76
          10       1.00      1.00      1.00        76
          11       1.00      1.00      1.00        34
          12       1.00      1.00      1.00        21
          13       0.27      1.00      0.43         3
          15       1.00      1.00      1.00        10

    accuracy                           1.00     36252
   macro avg       0.95      1.00      0.96     36252
weighted avg       1.00      1.00      1.00     36252

Low Quality
0.7734767780639341 0.4005076198745154 0.41635745207173774 0.38673838903196706 0.8433997172915945
              precision    recall  f1-score   support

           0       1.00      0.92      0.96       585
           2       1.00      0.89      0.94       545
           3       0.00       nan      0.00         0
           4       1.00      0.83      0.91        77
           5       1.00      1.00      1.00         2
           7       0.00       nan      0.00         0
           8       1.00      1.00      1.00        12
          11       0.00       nan      0.00         0
          12       0.00       nan      0.00         0
          13       0.00       nan      0.00         0
          15        nan      0.00      0.00         1
          17       0.00       nan      0.00         0

    accuracy                           0.90      1222
   macro avg       0.45      0.77      0.40      1222
weighted avg       1.00      0.90      0.95      1222


High Quality Post 2020
                     mean       std       sem  count
Model                                               
transformer_esm  0.970453  0.021415  0.012364      3
                     mean      std       sem  count
Model                                              
transformer_esm  0.990037  0.01696  0.009792      3
                     mean       std       sem  count
Model                                               
transformer_esm  0.999339  0.000203  0.000117      3

Low Quality Post 2020
                     mean       std       sem  count
Model                                               
transformer_esm  0.438001  0.044374  0.025619      3
                     mean       std       sem  count
Model                                               
transformer_esm  0.785066  0.175167  0.101133      3
                    mean       std       sem  count
Model                                              
transformer_esm  0.86046  0.031461  0.018164      3
Saving Results
Fold: 3
Total Trainable Parameters:  33563302
Total Parameters:  33563302
----Epoch:1----
Training Time : 346.58812499046326
Val Infer Time: 16.88449788093567
BAS Score on Validation Data: 0.6933333333333334
Loss on Validation Data: 0.2956589621046315
Validation loss decreased (inf --> 0.295659).  Saving model ...
----Epoch:2----
Training Time : 346.2677688598633
Val Infer Time: 16.908239364624023
BAS Score on Validation Data: 0.9394117647058824
Loss on Validation Data: 0.08910653095530427
Validation loss decreased (0.295659 --> 0.089107).  Saving model ...
----Epoch:3----
Training Time : 346.5282099246979
Val Infer Time: 16.90066146850586
BAS Score on Validation Data: 1.0
Loss on Validation Data: 0.0026508739137131236
Validation loss decreased (0.089107 --> 0.002651).  Saving model ...
----Epoch:4----
Training Time : 346.82143473625183
Val Infer Time: 16.859493017196655
BAS Score on Validation Data: 1.0
Loss on Validation Data: 0.0009073013844697372
Validation loss decreased (0.002651 --> 0.000907).  Saving model ...
----Epoch:5----
Training Time : 346.8744487762451
Val Infer Time: 16.938981294631958
BAS Score on Validation Data: 0.9990740740740741
Loss on Validation Data: 0.000723625589971957
EarlyStopping counter: 1 out of 7
----Epoch:6----
Training Time : 347.219712972641
Val Infer Time: 16.918933153152466
BAS Score on Validation Data: 1.0
Loss on Validation Data: 0.0003674468916395436
EarlyStopping counter: 2 out of 7
----Epoch:7----
Training Time : 346.47281217575073
Val Infer Time: 16.890973806381226
BAS Score on Validation Data: 1.0
Loss on Validation Data: 6.55701950840328e-05
EarlyStopping counter: 3 out of 7
----Epoch:8----
Training Time : 347.0076639652252
Val Infer Time: 16.91162109375
BAS Score on Validation Data: 1.0
Loss on Validation Data: 4.088668071705362e-05
EarlyStopping counter: 4 out of 7
----Epoch:9----
Training Time : 346.42222356796265
Val Infer Time: 16.870635271072388
BAS Score on Validation Data: 1.0
Loss on Validation Data: 9.422253655350727e-05
EarlyStopping counter: 5 out of 7
----Epoch:10----
Training Time : 346.90966963768005
Val Infer Time: 16.904892683029175
BAS Score on Validation Data: 1.0
Loss on Validation Data: 5.30074795951014e-05
EarlyStopping counter: 6 out of 7
----Epoch:11----
Training Time : 346.93191385269165
Val Infer Time: 16.913931131362915
BAS Score on Validation Data: 0.9998148148148148
Loss on Validation Data: 0.004326147035412166
EarlyStopping counter: 7 out of 7
Early Stop
Load the best weight after training: /gpfs/fs7/grdi/genarcc/wp1/genomics_unit/IAV/Retrain/model_weight/transformer_esm/04_HA_Protein_Subtype_t12/transformer_esm_3.pt
Inference Test Time: 166.33614087104797
Inference Test Time: 5.626549005508423
High Quality
0.9998492971584342 0.9981662322060799 0.9965732501402088 0.9998492971584342 0.9996393103359139
              precision    recall  f1-score   support

           0       1.00      1.00      1.00     14668
           1       1.00      1.00      1.00        26
           2       1.00      1.00      1.00     16783
           3       1.00      1.00      1.00        79
           4       1.00      1.00      1.00      3624
           5       1.00      1.00      1.00       183
           6       0.95      1.00      0.97       111
           7       1.00      1.00      1.00        13
           8       1.00      1.00      1.00       545
           9       1.00      1.00      1.00        76
          10       1.00      1.00      1.00        76
          11       1.00      1.00      1.00        34
          12       1.00      1.00      1.00        21
          13       1.00      1.00      1.00         3
          15       1.00      1.00      1.00        10

    accuracy                           1.00     36252
   macro avg       1.00      1.00      1.00     36252
weighted avg       1.00      1.00      1.00     36252

Low Quality
0.7943540065099698 0.36967723579076794 0.37134502923976603 0.4332840035508925 0.9069181482787526
              precision    recall  f1-score   support

           0       1.00      0.95      0.97       585
           1       0.00       nan      0.00         0
           2       1.00      0.94      0.97       545
           4       0.97      0.96      0.97        77
           5        nan      0.00      0.00         2
           6       0.00       nan      0.00         0
           8       1.00      0.92      0.96        12
          10       0.00       nan      0.00         0
          11       0.00       nan      0.00         0
          15       0.11      1.00      0.20         1
          16       0.00       nan      0.00         0

    accuracy                           0.94      1222
   macro avg       0.41      0.79      0.37      1222
weighted avg       1.00      0.94      0.97      1222


High Quality Post 2020
                     mean      std       sem  count
Model                                              
transformer_esm  0.977381  0.02231  0.011155      4
                    mean       std       sem  count
Model                                              
transformer_esm  0.99249  0.014691  0.007346      4
                     mean       std       sem  count
Model                                               
transformer_esm  0.999414  0.000224  0.000112      4

Low Quality Post 2020
                    mean       std       sem  count
Model                                              
transformer_esm  0.42092  0.049797  0.024898      4
                     mean       std       sem  count
Model                                               
transformer_esm  0.787388  0.143099  0.071549      4
                     mean       std       sem  count
Model                                               
transformer_esm  0.872074  0.034633  0.017317      4
Saving Results
Fold: 4
Total Trainable Parameters:  33563302
Total Parameters:  33563302
----Epoch:1----
Training Time : 346.8626232147217
Val Infer Time: 16.900487899780273
BAS Score on Validation Data: 0.9444444444444444
Loss on Validation Data: 0.06531293288521145
Validation loss decreased (inf --> 0.065313).  Saving model ...
----Epoch:2----
Training Time : 346.39950823783875
Val Infer Time: 16.8819260597229
BAS Score on Validation Data: 1.0
Loss on Validation Data: 0.0032407791394254435
Validation loss decreased (0.065313 --> 0.003241).  Saving model ...
----Epoch:3----
Training Time : 346.7363111972809
Val Infer Time: 16.898852348327637
BAS Score on Validation Data: 1.0
Loss on Validation Data: 0.0003646819811800252
Validation loss decreased (0.003241 --> 0.000365).  Saving model ...
----Epoch:4----
Training Time : 346.7508406639099
Val Infer Time: 16.91219973564148
BAS Score on Validation Data: 1.0
Loss on Validation Data: 8.175000548362731e-05
EarlyStopping counter: 1 out of 7
----Epoch:5----
Training Time : 346.3340811729431
Val Infer Time: 16.85747003555298
BAS Score on Validation Data: 0.9962962962962963
Loss on Validation Data: 0.007746786138285762
EarlyStopping counter: 2 out of 7
----Epoch:6----
Training Time : 346.8617596626282
Val Infer Time: 16.922931671142578
BAS Score on Validation Data: 1.0
Loss on Validation Data: 2.709176877270574e-05
EarlyStopping counter: 3 out of 7
----Epoch:7----
Training Time : 346.4726998806
Val Infer Time: 16.899571180343628
BAS Score on Validation Data: 1.0
Loss on Validation Data: 1.2097410533739173e-05
EarlyStopping counter: 4 out of 7
----Epoch:8----
Training Time : 346.52731561660767
Val Infer Time: 16.90916657447815
BAS Score on Validation Data: 1.0
Loss on Validation Data: 3.2491981983184816e-06
EarlyStopping counter: 5 out of 7
----Epoch:9----
Training Time : 346.54418897628784
Val Infer Time: 16.926063299179077
BAS Score on Validation Data: 1.0
Loss on Validation Data: 2.5118563486182172e-05
EarlyStopping counter: 6 out of 7
----Epoch:10----
Training Time : 346.66209077835083
Val Infer Time: 16.90518856048584
BAS Score on Validation Data: 1.0
Loss on Validation Data: 3.3115563185318655e-06
EarlyStopping counter: 7 out of 7
Early Stop
Load the best weight after training: /gpfs/fs7/grdi/genarcc/wp1/genomics_unit/IAV/Retrain/model_weight/transformer_esm/04_HA_Protein_Subtype_t12/transformer_esm_4.pt
Inference Test Time: 166.44212079048157
Inference Test Time: 5.631815671920776
High Quality
0.9989959378171627 0.9991920823560201 0.999396818304325 0.9989959378171627 0.9998647152515115
              precision    recall  f1-score   support

           0       1.00      1.00      1.00     14668
           1       1.00      1.00      1.00        26
           2       1.00      1.00      1.00     16783
           3       1.00      1.00      1.00        79
           4       1.00      1.00      1.00      3624
           5       1.00      1.00      1.00       183
           6       0.99      1.00      1.00       111
           7       1.00      1.00      1.00        13
           8       1.00      1.00      1.00       545
           9       1.00      0.99      0.99        76
          10       1.00      1.00      1.00        76
          11       1.00      1.00      1.00        34
          12       1.00      1.00      1.00        21
          13       1.00      1.00      1.00         3
          15       1.00      1.00      1.00        10

    accuracy                           1.00     36252
   macro avg       1.00      1.00      1.00     36252
weighted avg       1.00      1.00      1.00     36252

Low Quality
0.990114438738292 0.7453393338818359 0.7481592320722755 0.742585829053719 0.9622623928611738
              precision    recall  f1-score   support

           0       1.00      0.98      0.99       585
           2       1.00      0.97      0.99       545
           4       0.99      0.99      0.99        77
           5       1.00      1.00      1.00         2
           6       0.00       nan      0.00         0
           8       1.00      1.00      1.00        12
           9       0.00       nan      0.00         0
          15       1.00      1.00      1.00         1

    accuracy                           0.98      1222
   macro avg       0.75      0.99      0.75      1222
weighted avg       1.00      0.98      0.99      1222


High Quality Post 2020
                     mean       std       sem  count
Model                                               
transformer_esm  0.981743  0.021644  0.009679      5
                     mean       std       sem  count
Model                                               
transformer_esm  0.993791  0.013051  0.005837      5
                     mean      std       sem  count
Model                                              
transformer_esm  0.999504  0.00028  0.000125      5

Low Quality Post 2020
                     mean       std      sem  count
Model                                              
transformer_esm  0.485804  0.151358  0.06769      5
                     mean      std      sem  count
Model                                             
transformer_esm  0.827933  0.15355  0.06867      5
                     mean       std       sem  count
Model                                               
transformer_esm  0.890112  0.050263  0.022478      5
Saving Results
Fold: 5
Total Trainable Parameters:  33563302
Total Parameters:  33563302
----Epoch:1----
Training Time : 346.2177565097809
Val Infer Time: 16.91671848297119
BAS Score on Validation Data: 0.9955555555555556
Loss on Validation Data: 0.056138344432996666
Validation loss decreased (inf --> 0.056138).  Saving model ...
----Epoch:2----
Training Time : 346.6399941444397
Val Infer Time: 16.897923707962036
BAS Score on Validation Data: 0.9924237472766885
Loss on Validation Data: 0.0408237702820612
Validation loss decreased (0.056138 --> 0.040824).  Saving model ...
----Epoch:3----
Training Time : 346.87605810165405
Val Infer Time: 16.93499779701233
BAS Score on Validation Data: 0.9979793028322439
Loss on Validation Data: 0.016890824812909832
Validation loss decreased (0.040824 --> 0.016891).  Saving model ...
----Epoch:4----
Training Time : 346.31898069381714
Val Infer Time: 16.895702838897705
BAS Score on Validation Data: 0.9979793028322439
Loss on Validation Data: 0.017743925199560497
EarlyStopping counter: 1 out of 7
----Epoch:5----
Training Time : 346.9719672203064
Val Infer Time: 16.90179967880249
BAS Score on Validation Data: 0.9979793028322439
Loss on Validation Data: 0.019666151767191678
EarlyStopping counter: 2 out of 7
----Epoch:6----
Training Time : 346.59489011764526
Val Infer Time: 16.885773181915283
BAS Score on Validation Data: 0.9970221939496748
Loss on Validation Data: 0.02212753597161044
EarlyStopping counter: 3 out of 7
----Epoch:7----
Training Time : 346.22011828422546
Val Infer Time: 16.88927125930786
BAS Score on Validation Data: 0.9988888888888889
Loss on Validation Data: 0.015100299340227375
Validation loss decreased (0.016891 --> 0.015100).  Saving model ...
----Epoch:8----
Training Time : 346.99365878105164
Val Infer Time: 16.91396427154541
BAS Score on Validation Data: 0.9988888888888889
Loss on Validation Data: 0.016012855781161267
EarlyStopping counter: 1 out of 7
----Epoch:9----
Training Time : 346.7428081035614
Val Infer Time: 16.861587524414062
BAS Score on Validation Data: 0.9962200435729847
Loss on Validation Data: 0.022307356155436973
EarlyStopping counter: 2 out of 7
----Epoch:10----
Training Time : 345.8716399669647
Val Infer Time: 16.86647319793701
BAS Score on Validation Data: 0.9987962962962962
Loss on Validation Data: 0.02372552532216777
EarlyStopping counter: 3 out of 7
----Epoch:11----
Training Time : 345.5688805580139
Val Infer Time: 16.854900598526
BAS Score on Validation Data: 0.9987962962962962
Loss on Validation Data: 0.025480688330919845
EarlyStopping counter: 4 out of 7
----Epoch:12----
Training Time : 345.6708424091339
Val Infer Time: 16.860522508621216
BAS Score on Validation Data: 0.9987962962962962
Loss on Validation Data: 0.023711748291616853
EarlyStopping counter: 5 out of 7
----Epoch:13----
Training Time : 345.5462212562561
Val Infer Time: 16.858059883117676
BAS Score on Validation Data: 0.9979793028322439
Loss on Validation Data: 0.031672898874334665
EarlyStopping counter: 6 out of 7
----Epoch:14----
Training Time : 345.7149486541748
Val Infer Time: 16.849722146987915
BAS Score on Validation Data: 0.9951351351351351
Loss on Validation Data: 0.02121928084803664
EarlyStopping counter: 7 out of 7
Early Stop
Load the best weight after training: /gpfs/fs7/grdi/genarcc/wp1/genomics_unit/IAV/Retrain/model_weight/transformer_esm/04_HA_Protein_Subtype_t12/transformer_esm_5.pt
Inference Test Time: 165.9548316001892
Inference Test Time: 5.619929790496826
High Quality
0.9704613660937365 0.9752842657728441 0.9893537585272227 0.9704613660937365 0.9992336398352843
              precision    recall  f1-score   support

           0       1.00      1.00      1.00     14668
           1       1.00      1.00      1.00        26
           2       1.00      1.00      1.00     16783
           3       0.84      1.00      0.91        79
           4       1.00      1.00      1.00      3624
           5       1.00      1.00      1.00       183
           6       1.00      1.00      1.00       111
           7       1.00      1.00      1.00        13
           8       1.00      1.00      1.00       545
           9       1.00      1.00      1.00        76
          10       1.00      1.00      1.00        76
          11       1.00      0.56      0.72        34
          12       1.00      1.00      1.00        21
          13       1.00      1.00      1.00         3
          15       1.00      1.00      1.00        10

    accuracy                           1.00     36252
   macro avg       0.99      0.97      0.98     36252
weighted avg       1.00      1.00      1.00     36252

Low Quality
0.9845598845598845 0.4817376822292392 0.45989010989010987 0.5907359307359308 0.9438493910333821
              precision    recall  f1-score   support

           0       1.00      0.93      0.97       585
           1       0.00       nan      0.00         0
           2       1.00      1.00      1.00       545
           4       1.00      0.97      0.99        77
           5       0.67      1.00      0.80         2
           6       0.00       nan      0.00         0
           8       0.86      1.00      0.92        12
           9       0.00       nan      0.00         0
          12       0.00       nan      0.00         0
          15       0.08      1.00      0.14         1

    accuracy                           0.97      1222
   macro avg       0.46      0.98      0.48      1222
weighted avg       1.00      0.97      0.98      1222


High Quality Post 2020
                     mean       std       sem  count
Model                                               
transformer_esm  0.980667  0.019537  0.007976      6
                     mean       std       sem  count
Model                                               
transformer_esm  0.989903  0.015066  0.006151      6
                     mean       std       sem  count
Model                                               
transformer_esm  0.999459  0.000273  0.000112      6

Low Quality Post 2020
                     mean       std       sem  count
Model                                               
transformer_esm  0.485126  0.135389  0.055272      6
                     mean       std       sem  count
Model                                               
transformer_esm  0.854038  0.151495  0.061848      6
                     mean       std       sem  count
Model                                               
transformer_esm  0.899068  0.050024  0.020422      6
Saving Results
Fold: 6
Total Trainable Parameters:  33563302
Total Parameters:  33563302
----Epoch:1----
Training Time : 345.52877831459045
Val Infer Time: 16.856457948684692
BAS Score on Validation Data: 0.9995397873120646
Loss on Validation Data: 0.039885133764018185
Validation loss decreased (inf --> 0.039885).  Saving model ...
----Epoch:2----
Training Time : 345.75130462646484
Val Infer Time: 16.85899305343628
BAS Score on Validation Data: 0.9996323799046571
Loss on Validation Data: 0.0097744341129842
Validation loss decreased (0.039885 --> 0.009774).  Saving model ...
----Epoch:3----
Training Time : 345.5127372741699
Val Infer Time: 16.853219985961914
BAS Score on Validation Data: 0.9996323799046571
Loss on Validation Data: 0.010651915455641954
EarlyStopping counter: 1 out of 7
----Epoch:4----
Training Time : 345.66326880455017
Val Infer Time: 16.852933645248413
BAS Score on Validation Data: 0.9996323799046571
Loss on Validation Data: 0.011647550340579904
EarlyStopping counter: 2 out of 7
----Epoch:5----
Training Time : 345.5188603401184
Val Infer Time: 16.850858449935913
BAS Score on Validation Data: 0.9996323799046571
Loss on Validation Data: 0.012599795732809149
EarlyStopping counter: 3 out of 7
----Epoch:6----
Training Time : 345.76194953918457
Val Infer Time: 16.85571575164795
BAS Score on Validation Data: 0.9996323799046571
Loss on Validation Data: 0.013432891310557075
EarlyStopping counter: 4 out of 7
----Epoch:7----
Training Time : 345.5573046207428
Val Infer Time: 16.860389232635498
BAS Score on Validation Data: 0.9996323799046571
Loss on Validation Data: 0.014443698622610258
EarlyStopping counter: 5 out of 7
----Epoch:8----
Training Time : 345.71961212158203
Val Infer Time: 16.855180025100708
BAS Score on Validation Data: 0.9996323799046571
Loss on Validation Data: 0.015152561113886211
EarlyStopping counter: 6 out of 7
----Epoch:9----
Training Time : 345.55131816864014
Val Infer Time: 16.844301223754883
BAS Score on Validation Data: 0.9996323799046571
Loss on Validation Data: 0.015429822938597721
EarlyStopping counter: 7 out of 7
Early Stop
Load the best weight after training: /gpfs/fs7/grdi/genarcc/wp1/genomics_unit/IAV/Retrain/model_weight/transformer_esm/04_HA_Protein_Subtype_t12/transformer_esm_6.pt
Inference Test Time: 166.03722381591797
Inference Test Time: 5.621811866760254
High Quality
0.9694365818852345 0.9328848054610613 0.9347497513845975 0.9694365818852345 0.998331883750878
              precision    recall  f1-score   support

           0       1.00      1.00      1.00     14668
           1       1.00      1.00      1.00        26
           2       1.00      1.00      1.00     16783
           3       1.00      1.00      1.00        79
           4       1.00      1.00      1.00      3624
           5       1.00      1.00      1.00       183
           6       1.00      1.00      1.00       111
           7       1.00      1.00      1.00        13
           8       1.00      1.00      1.00       545
           9       1.00      0.99      0.99        76
          10       1.00      1.00      1.00        76
          11       1.00      0.56      0.72        34
          12       0.75      1.00      0.86        21
          13       0.27      1.00      0.43         3
          15       1.00      1.00      1.00        10

    accuracy                           1.00     36252
   macro avg       0.93      0.97      0.93     36252
weighted avg       1.00      1.00      1.00     36252

Low Quality
0.8723649269520829 0.499548481636984 0.5403142899104126 0.47583541470113616 0.8992336885919416
              precision    recall  f1-score   support

           0       0.94      1.00      0.97       585
           2       1.00      0.89      0.94       545
           4       1.00      0.84      0.92        77
           5       1.00      0.50      0.67         2
           6       0.00       nan      0.00         0
           8       1.00      1.00      1.00        12
           9       0.00       nan      0.00         0
          12       0.00       nan      0.00         0
          13       0.00       nan      0.00         0
          14       0.00       nan      0.00         0
          15       1.00      1.00      1.00         1

    accuracy                           0.94      1222
   macro avg       0.54      0.87      0.50      1222
weighted avg       0.97      0.94      0.95      1222


High Quality Post 2020
                     mean       std       sem  count
Model                                               
transformer_esm  0.973841  0.025382  0.009594      7
                     mean      std       sem  count
Model                                              
transformer_esm  0.986979  0.01578  0.005964      7
                     mean       std       sem  count
Model                                               
transformer_esm  0.999298  0.000494  0.000187      7

Low Quality Post 2020
                     mean       std       sem  count
Model                                               
transformer_esm  0.487187  0.123713  0.046759      7
                     mean       std       sem  count
Model                                               
transformer_esm  0.856656  0.138469  0.052336      7
                     mean       std      sem  count
Model                                              
transformer_esm  0.899092  0.045665  0.01726      7
Saving Results
Fold: 7
Total Trainable Parameters:  33563302
Total Parameters:  33563302
----Epoch:1----
Training Time : 345.5376629829407
Val Infer Time: 16.85588765144348
BAS Score on Validation Data: 1.0
Loss on Validation Data: 0.04489757911018703
Validation loss decreased (inf --> 0.044898).  Saving model ...
----Epoch:2----
Training Time : 345.5048291683197
Val Infer Time: 16.84475827217102
BAS Score on Validation Data: 1.0
Loss on Validation Data: 0.0016685171943643818
Validation loss decreased (0.044898 --> 0.001669).  Saving model ...
----Epoch:3----
Training Time : 345.54730701446533
Val Infer Time: 16.859495401382446
BAS Score on Validation Data: 1.0
Loss on Validation Data: 0.00029042904143748076
Validation loss decreased (0.001669 --> 0.000290).  Saving model ...
----Epoch:4----
Training Time : 345.5376272201538
Val Infer Time: 16.843555450439453
BAS Score on Validation Data: 1.0
Loss on Validation Data: 7.049972596375839e-05
EarlyStopping counter: 1 out of 7
----Epoch:5----
Training Time : 345.56270813941956
Val Infer Time: 16.855013608932495
BAS Score on Validation Data: 1.0
Loss on Validation Data: 0.00010251943831858428
EarlyStopping counter: 2 out of 7
----Epoch:6----
Training Time : 345.605340719223
Val Infer Time: 16.84327721595764
BAS Score on Validation Data: 1.0
Loss on Validation Data: 5.2865691806959066e-05
EarlyStopping counter: 3 out of 7
----Epoch:7----
Training Time : 345.39426279067993
Val Infer Time: 16.856759548187256
BAS Score on Validation Data: 1.0
Loss on Validation Data: 1.0411344144655311e-05
EarlyStopping counter: 4 out of 7
----Epoch:8----
Training Time : 346.4279065132141
Val Infer Time: 16.914309978485107
BAS Score on Validation Data: 1.0
Loss on Validation Data: 6.051685499108356e-06
EarlyStopping counter: 5 out of 7
----Epoch:9----
Training Time : 346.54784774780273
Val Infer Time: 16.879610300064087
BAS Score on Validation Data: 0.9991830065359477
Loss on Validation Data: 0.002183058307222698
EarlyStopping counter: 6 out of 7
----Epoch:10----
Training Time : 346.20738077163696
Val Infer Time: 16.897989511489868
BAS Score on Validation Data: 1.0
Loss on Validation Data: 2.7791054352470067e-05
EarlyStopping counter: 7 out of 7
Early Stop
Load the best weight after training: /gpfs/fs7/grdi/genarcc/wp1/genomics_unit/IAV/Retrain/model_weight/transformer_esm/04_HA_Protein_Subtype_t12/transformer_esm_7.pt
Inference Test Time: 166.36225080490112
Inference Test Time: 5.636215925216675
High Quality
0.999853269431965 0.9351126273340171 0.9330282649412567 0.9373624400924672 0.9996843770552266
              precision    recall  f1-score   support

           0       1.00      1.00      1.00     14668
           1       1.00      1.00      1.00        26
           2       1.00      1.00      1.00     16783
           3       1.00      1.00      1.00        79
           4       1.00      1.00      1.00      3624
           5       1.00      1.00      1.00       183
           6       1.00      1.00      1.00       111
           7       0.93      1.00      0.96        13
           8       1.00      1.00      1.00       545
           9       1.00      1.00      1.00        76
          10       1.00      1.00      1.00        76
          11       1.00      1.00      1.00        34
          12       1.00      1.00      1.00        21
          13       1.00      1.00      1.00         3
          14       0.00       nan      0.00         0
          15       1.00      1.00      1.00        10

    accuracy                           1.00     36252
   macro avg       0.93      1.00      0.94     36252
weighted avg       1.00      1.00      1.00     36252

Low Quality
0.6186543409020473 0.26620908850576713 0.26885546470416816 0.265137574672306 0.9311125786108797
              precision    recall  f1-score   support

           0       0.99      0.99      0.99       585
           2       0.99      0.94      0.97       545
           3       0.00       nan      0.00         0
           4       1.00      0.86      0.92        77
           5        nan      0.00      0.00         2
           6       0.00       nan      0.00         0
           8       0.79      0.92      0.85        12
          10       0.00       nan      0.00         0
          11       0.00       nan      0.00         0
          12       0.00       nan      0.00         0
          13       0.00       nan      0.00         0
          14       0.00       nan      0.00         0
          15        nan      0.00      0.00         1
          17       0.00       nan      0.00         0

    accuracy                           0.96      1222
   macro avg       0.31      0.62      0.27      1222
weighted avg       0.99      0.96      0.97      1222


High Quality Post 2020
                  mean       std       sem  count
Model                                            
transformer_esm  0.969  0.027197  0.009616      8
                     mean       std      sem  count
Model                                              
transformer_esm  0.988589  0.015302  0.00541      8
                     mean       std       sem  count
Model                                               
transformer_esm  0.999346  0.000477  0.000169      8

Low Quality Post 2020
                     mean       std       sem  count
Model                                               
transformer_esm  0.459564  0.138645  0.049018      8
                     mean       std       sem  count
Model                                               
transformer_esm  0.826906  0.153346  0.054216      8
                     mean       std       sem  count
Model                                               
transformer_esm  0.903094  0.043767  0.015474      8
Saving Results
Fold: 8
Total Trainable Parameters:  33563302
Total Parameters:  33563302
----Epoch:1----
Training Time : 346.5635426044464
Val Infer Time: 16.88957953453064
BAS Score on Validation Data: 0.9669444444444445
Loss on Validation Data: 0.1202569702397222
Validation loss decreased (inf --> 0.120257).  Saving model ...
----Epoch:2----
Training Time : 346.379602432251
Val Infer Time: 16.85048532485962
BAS Score on Validation Data: 0.9989814814814815
Loss on Validation Data: 0.011167468746071276
Validation loss decreased (0.120257 --> 0.011167).  Saving model ...
----Epoch:3----
Training Time : 346.34271693229675
Val Infer Time: 16.894134521484375
BAS Score on Validation Data: 0.9989814814814815
Loss on Validation Data: 0.011316269312215887
EarlyStopping counter: 1 out of 7
----Epoch:4----
Training Time : 346.72221541404724
Val Infer Time: 16.896231651306152
BAS Score on Validation Data: 0.8319733136178002
Loss on Validation Data: 0.16875720522973847
EarlyStopping counter: 2 out of 7
----Epoch:5----
Training Time : 346.34002470970154
Val Infer Time: 16.880586624145508
BAS Score on Validation Data: 0.9981522940851298
Loss on Validation Data: 0.023268480663714203
EarlyStopping counter: 3 out of 7
----Epoch:6----
Training Time : 346.6269817352295
Val Infer Time: 16.88446545600891
BAS Score on Validation Data: 0.9989814814814815
Loss on Validation Data: 0.012330496991458146
EarlyStopping counter: 4 out of 7
----Epoch:7----
Training Time : 346.3981583118439
Val Infer Time: 16.89262843132019
BAS Score on Validation Data: 0.9989814814814815
Loss on Validation Data: 0.012951199839944425
EarlyStopping counter: 5 out of 7
----Epoch:8----
Training Time : 346.0251967906952
Val Infer Time: 16.883845329284668
BAS Score on Validation Data: 0.9989814814814815
Loss on Validation Data: 0.01220185280494068
EarlyStopping counter: 6 out of 7
----Epoch:9----
Training Time : 346.43042755126953
Val Infer Time: 16.875839233398438
BAS Score on Validation Data: 0.9989814814814815
Loss on Validation Data: 0.012401552044827005
EarlyStopping counter: 7 out of 7
Early Stop
Load the best weight after training: /gpfs/fs7/grdi/genarcc/wp1/genomics_unit/IAV/Retrain/model_weight/transformer_esm/04_HA_Protein_Subtype_t12/transformer_esm_8.pt
Inference Test Time: 166.32524800300598
Inference Test Time: 5.6351213455200195
High Quality
0.9998731307996188 0.9999325371219553 0.9999920563995631 0.9998731307996188 0.9999098106725922
              precision    recall  f1-score   support

           0       1.00      1.00      1.00     14668
           1       1.00      1.00      1.00        26
           2       1.00      1.00      1.00     16783
           3       1.00      1.00      1.00        79
           4       1.00      1.00      1.00      3624
           5       1.00      1.00      1.00       183
           6       1.00      1.00      1.00       111
           7       1.00      1.00      1.00        13
           8       1.00      1.00      1.00       545
           9       1.00      1.00      1.00        76
          10       1.00      1.00      1.00        76
          11       1.00      1.00      1.00        34
          12       1.00      1.00      1.00        21
          13       1.00      1.00      1.00         3
          15       1.00      1.00      1.00        10

    accuracy                           1.00     36252
   macro avg       1.00      1.00      1.00     36252
weighted avg       1.00      1.00      1.00     36252

Low Quality
0.7362137862137862 0.4097166226991888 0.4352108036890645 0.40157115611661065 0.9659816712795255
              precision    recall  f1-score   support

           0       1.00      0.97      0.98       585
           1       0.00       nan      0.00         0
           2       0.99      1.00      0.99       545
           4       1.00      0.95      0.97        77
           5       1.00      0.50      0.67         2
           7       0.00       nan      0.00         0
           8       0.80      1.00      0.89        12
           9       0.00       nan      0.00         0
          11       0.00       nan      0.00         0
          13       0.00       nan      0.00         0
          15        nan      0.00      0.00         1

    accuracy                           0.98      1222
   macro avg       0.48      0.74      0.41      1222
weighted avg       0.99      0.98      0.99      1222


High Quality Post 2020
                     mean       std      sem  count
Model                                              
transformer_esm  0.972437  0.027451  0.00915      9
                     mean       std       sem  count
Model                                               
transformer_esm  0.989842  0.014799  0.004933      9
                     mean       std       sem  count
Model                                               
transformer_esm  0.999409  0.000484  0.000161      9

Low Quality Post 2020
                     mean      std       sem  count
Model                                              
transformer_esm  0.454026  0.13075  0.043583      9
                     mean       std       sem  count
Model                                               
transformer_esm  0.816829  0.146593  0.048864      9
                     mean       std       sem  count
Model                                               
transformer_esm  0.910082  0.045995  0.015332      9
Saving Results
Fold: 9
Total Trainable Parameters:  33563302
Total Parameters:  33563302
----Epoch:1----
Training Time : 346.16222524642944
Val Infer Time: 16.876700401306152
BAS Score on Validation Data: 0.9422887621461764
Loss on Validation Data: 0.17643878563590673
Validation loss decreased (inf --> 0.176439).  Saving model ...
----Epoch:2----
Training Time : 346.4704382419586
Val Infer Time: 16.885486364364624
BAS Score on Validation Data: 0.9987962962962962
Loss on Validation Data: 0.008779995111019715
Validation loss decreased (0.176439 --> 0.008780).  Saving model ...
----Epoch:3----
Training Time : 346.4921147823334
Val Infer Time: 16.897550344467163
BAS Score on Validation Data: 0.9990740740740741
Loss on Validation Data: 0.004172687362069669
Validation loss decreased (0.008780 --> 0.004173).  Saving model ...
----Epoch:4----
Training Time : 345.9233253002167
Val Infer Time: 16.866311073303223
BAS Score on Validation Data: 0.9990740740740741
Loss on Validation Data: 0.0034114388344080554
EarlyStopping counter: 1 out of 7
----Epoch:5----
Training Time : 346.4509189128876
Val Infer Time: 16.87552762031555
BAS Score on Validation Data: 0.9379629629629629
Loss on Validation Data: 0.08592461454479591
EarlyStopping counter: 2 out of 7
----Epoch:6----
Training Time : 346.2709393501282
Val Infer Time: 16.84101390838623
BAS Score on Validation Data: 0.9990740740740741
Loss on Validation Data: 0.0029651418328285216
Validation loss decreased (0.004173 --> 0.002965).  Saving model ...
----Epoch:7----
Training Time : 346.2587254047394
Val Infer Time: 16.886629819869995
BAS Score on Validation Data: 0.9990740740740741
Loss on Validation Data: 0.003486552866904632
EarlyStopping counter: 1 out of 7
----Epoch:8----
Training Time : 346.1830620765686
Val Infer Time: 16.940120935440063
BAS Score on Validation Data: 0.9978703703703703
Loss on Validation Data: 0.016722274960383126
EarlyStopping counter: 2 out of 7
----Epoch:9----
Training Time : 346.2920825481415
Val Infer Time: 16.87294864654541
BAS Score on Validation Data: 0.9987962962962962
Loss on Validation Data: 0.004029469872298448
EarlyStopping counter: 3 out of 7
----Epoch:10----
Training Time : 346.46485209465027
Val Infer Time: 16.91702389717102
BAS Score on Validation Data: 0.9990740740740741
Loss on Validation Data: 0.0033502325415611265
EarlyStopping counter: 4 out of 7
----Epoch:11----
Training Time : 346.47693705558777
Val Infer Time: 16.85953426361084
BAS Score on Validation Data: 0.9990740740740741
Loss on Validation Data: 0.00358592236171598
EarlyStopping counter: 5 out of 7
----Epoch:12----
Training Time : 346.36851930618286
Val Infer Time: 16.897204875946045
BAS Score on Validation Data: 0.9987962962962962
Loss on Validation Data: 0.00802042636534442
EarlyStopping counter: 6 out of 7
----Epoch:13----
Training Time : 346.3608253002167
Val Infer Time: 16.884503841400146
BAS Score on Validation Data: 0.9987962962962962
Loss on Validation Data: 0.016955796596796618
EarlyStopping counter: 7 out of 7
Early Stop
Load the best weight after training: /gpfs/fs7/grdi/genarcc/wp1/genomics_unit/IAV/Retrain/model_weight/transformer_esm/04_HA_Protein_Subtype_t12/transformer_esm_9.pt
Inference Test Time: 166.3729555606842
Inference Test Time: 5.646954774856567
High Quality
0.999853269431965 0.9696195746557238 0.9583253873659118 0.999853269431965 0.9996843820276525
              precision    recall  f1-score   support

           0       1.00      1.00      1.00     14668
           1       1.00      1.00      1.00        26
           2       1.00      1.00      1.00     16783
           3       1.00      1.00      1.00        79
           4       1.00      1.00      1.00      3624
           5       1.00      1.00      1.00       183
           6       1.00      1.00      1.00       111
           7       1.00      1.00      1.00        13
           8       1.00      1.00      1.00       545
           9       1.00      1.00      1.00        76
          10       1.00      1.00      1.00        76
          11       1.00      1.00      1.00        34
          12       1.00      1.00      1.00        21
          13       0.38      1.00      0.55         3
          15       1.00      1.00      1.00        10

    accuracy                           1.00     36252
   macro avg       0.96      1.00      0.97     36252
weighted avg       1.00      1.00      1.00     36252

Low Quality
0.7888207952428136 0.37383832699446423 0.38461538461538464 0.3640711362659139 0.8757179310472947
              precision    recall  f1-score   support

           0       1.00      0.92      0.96       585
           1       0.00       nan      0.00         0
           2       1.00      0.93      0.96       545
           4       1.00      0.88      0.94        77
           5       1.00      1.00      1.00         2
           6       0.00       nan      0.00         0
           7       0.00       nan      0.00         0
           8       1.00      1.00      1.00        12
           9       0.00       nan      0.00         0
          11       0.00       nan      0.00         0
          13       0.00       nan      0.00         0
          15        nan      0.00      0.00         1
          16       0.00       nan      0.00         0

    accuracy                           0.92      1222
   macro avg       0.42      0.79      0.37      1222
weighted avg       1.00      0.92      0.96      1222


High Quality Post 2020
                     mean       std       sem  count
Model                                               
transformer_esm  0.972155  0.025896  0.008189     10
                     mean       std       sem  count
Model                                               
transformer_esm  0.990844  0.014308  0.004524     10
                     mean       std       sem  count
Model                                               
transformer_esm  0.999436  0.000465  0.000147     10

Low Quality Post 2020
                     mean       std       sem  count
Model                                               
transformer_esm  0.446007  0.125854  0.039798     10
                     mean       std       sem  count
Model                                               
transformer_esm  0.814028  0.138493  0.043795     10
                     mean       std       sem  count
Model                                               
transformer_esm  0.906646  0.044706  0.014137     10
Saving Results
