warning: refusing to reload ordenv; ORDENV_SETUP already set
CUDA_VISIBLE_DEVICES=0
Tue Apr 29 16:14:21 2025       
+-----------------------------------------------------------------------------------------+
| NVIDIA-SMI 550.127.08             Driver Version: 550.127.08     CUDA Version: 12.4     |
|-----------------------------------------+------------------------+----------------------+
| GPU  Name                 Persistence-M | Bus-Id          Disp.A | Volatile Uncorr. ECC |
| Fan  Temp   Perf          Pwr:Usage/Cap |           Memory-Usage | GPU-Util  Compute M. |
|                                         |                        |               MIG M. |
|=========================================+========================+======================|
|   0  NVIDIA A100-SXM4-40GB          Off |   00000000:07:00.0 Off |                    0 |
| N/A   26C    P0             50W /  400W |       1MiB /  40960MiB |      0%      Default |
|                                         |                        |             Disabled |
+-----------------------------------------+------------------------+----------------------+
                                                                                         
+-----------------------------------------------------------------------------------------+
| Processes:                                                                              |
|  GPU   GI   CI        PID   Type   Process name                              GPU Memory |
|        ID   ID                                                               Usage      |
|=========================================================================================|
|  No running processes found                                                             |
+-----------------------------------------------------------------------------------------+
INFO:root:Fold: 0
/gpfs/fs7/grdi/genarcc/common/conda/miniconda3/envs/hai_pytorch/lib/python3.12/site-packages/esm/pretrained.py:70: FutureWarning: You are using `torch.load` with `weights_only=False` (the current default value), which uses the default pickle module implicitly. It is possible to construct malicious pickle data which will execute arbitrary code during unpickling (See https://github.com/pytorch/pytorch/blob/main/SECURITY.md#untrusted-models for more details). In a future release, the default value for `weights_only` will be flipped to `True`. This limits the functions that could be executed during unpickling. Arbitrary objects will no longer be allowed to be loaded via this mode unless they are explicitly allowlisted by the user via `torch.serialization.add_safe_globals`. We recommend you start setting `weights_only=True` for any use case where you don't have full control of the loaded file. Please open an issue on GitHub for any issues related to this experimental feature.
  model_data = torch.load(str(model_location), map_location="cpu")
/gpfs/fs7/grdi/genarcc/common/conda/miniconda3/envs/hai_pytorch/lib/python3.12/site-packages/esm/pretrained.py:74: FutureWarning: You are using `torch.load` with `weights_only=False` (the current default value), which uses the default pickle module implicitly. It is possible to construct malicious pickle data which will execute arbitrary code during unpickling (See https://github.com/pytorch/pytorch/blob/main/SECURITY.md#untrusted-models for more details). In a future release, the default value for `weights_only` will be flipped to `True`. This limits the functions that could be executed during unpickling. Arbitrary objects will no longer be allowed to be loaded via this mode unless they are explicitly allowlisted by the user via `torch.serialization.add_safe_globals`. We recommend you start setting `weights_only=True` for any use case where you don't have full control of the loaded file. Please open an issue on GitHub for any issues related to this experimental feature.
  regression_data = torch.load(regression_location, map_location="cpu")
INFO:root:Start Training Model
INFO:root:Train epoch 1 in 170.514112 seconds
INFO:root:Train epoch 2 in 164.639873 seconds
INFO:root:Train epoch 3 in 165.712156 seconds
INFO:root:Train epoch 4 in 165.386713 seconds
INFO:root:Train epoch 5 in 164.782165 seconds
INFO:root:Train epoch 6 in 165.017079 seconds
INFO:root:Train epoch 7 in 165.442244 seconds
INFO:root:Train epoch 8 in 164.709620 seconds
INFO:root:Train epoch 9 in 165.284437 seconds
INFO:root:Train epoch 10 in 166.588964 seconds
INFO:root:Train epoch 11 in 165.345177 seconds
INFO:root:Train epoch 12 in 167.085328 seconds
INFO:root:Finish training and load weight for prediction:/gpfs/fs7/grdi/genarcc/wp1/genomics_unit/IAV/Retrain/model_weight/transformer_esm/06_NA_Protein_Subtype_t12/transformer_esm_0.pt
INFO:root:Fold: 1
/gpfs/fs7/grdi/genarcc/common/conda/miniconda3/envs/hai_pytorch/lib/python3.12/site-packages/esm/pretrained.py:70: FutureWarning: You are using `torch.load` with `weights_only=False` (the current default value), which uses the default pickle module implicitly. It is possible to construct malicious pickle data which will execute arbitrary code during unpickling (See https://github.com/pytorch/pytorch/blob/main/SECURITY.md#untrusted-models for more details). In a future release, the default value for `weights_only` will be flipped to `True`. This limits the functions that could be executed during unpickling. Arbitrary objects will no longer be allowed to be loaded via this mode unless they are explicitly allowlisted by the user via `torch.serialization.add_safe_globals`. We recommend you start setting `weights_only=True` for any use case where you don't have full control of the loaded file. Please open an issue on GitHub for any issues related to this experimental feature.
  model_data = torch.load(str(model_location), map_location="cpu")
/gpfs/fs7/grdi/genarcc/common/conda/miniconda3/envs/hai_pytorch/lib/python3.12/site-packages/esm/pretrained.py:74: FutureWarning: You are using `torch.load` with `weights_only=False` (the current default value), which uses the default pickle module implicitly. It is possible to construct malicious pickle data which will execute arbitrary code during unpickling (See https://github.com/pytorch/pytorch/blob/main/SECURITY.md#untrusted-models for more details). In a future release, the default value for `weights_only` will be flipped to `True`. This limits the functions that could be executed during unpickling. Arbitrary objects will no longer be allowed to be loaded via this mode unless they are explicitly allowlisted by the user via `torch.serialization.add_safe_globals`. We recommend you start setting `weights_only=True` for any use case where you don't have full control of the loaded file. Please open an issue on GitHub for any issues related to this experimental feature.
  regression_data = torch.load(regression_location, map_location="cpu")
INFO:root:Start Training Model
INFO:root:Train epoch 1 in 166.983576 seconds
INFO:root:Train epoch 2 in 165.259054 seconds
INFO:root:Train epoch 3 in 165.692760 seconds
INFO:root:Train epoch 4 in 165.164543 seconds
INFO:root:Train epoch 5 in 164.754497 seconds
INFO:root:Train epoch 6 in 165.718836 seconds
INFO:root:Train epoch 7 in 165.755723 seconds
INFO:root:Train epoch 8 in 163.948336 seconds
INFO:root:Train epoch 9 in 163.944961 seconds
INFO:root:Train epoch 10 in 163.902025 seconds
INFO:root:Finish training and load weight for prediction:/gpfs/fs7/grdi/genarcc/wp1/genomics_unit/IAV/Retrain/model_weight/transformer_esm/06_NA_Protein_Subtype_t12/transformer_esm_1.pt
/gpfs/fs7/grdi/genarcc/common/conda/miniconda3/envs/hai_pytorch/lib/python3.12/site-packages/sklearn/metrics/_classification.py:2480: UserWarning: y_pred contains classes not in y_true
  warnings.warn("y_pred contains classes not in y_true")
/gpfs/fs7/grdi/genarcc/common/conda/miniconda3/envs/hai_pytorch/lib/python3.12/site-packages/sklearn/metrics/_classification.py:1531: UndefinedMetricWarning: Recall is ill-defined and being set to 0.0 in labels with no true samples. Use `zero_division` parameter to control this behavior.
  _warn_prf(average, modifier, f"{metric.capitalize()} is", len(result))
INFO:root:Fold: 2
/gpfs/fs7/grdi/genarcc/common/conda/miniconda3/envs/hai_pytorch/lib/python3.12/site-packages/esm/pretrained.py:70: FutureWarning: You are using `torch.load` with `weights_only=False` (the current default value), which uses the default pickle module implicitly. It is possible to construct malicious pickle data which will execute arbitrary code during unpickling (See https://github.com/pytorch/pytorch/blob/main/SECURITY.md#untrusted-models for more details). In a future release, the default value for `weights_only` will be flipped to `True`. This limits the functions that could be executed during unpickling. Arbitrary objects will no longer be allowed to be loaded via this mode unless they are explicitly allowlisted by the user via `torch.serialization.add_safe_globals`. We recommend you start setting `weights_only=True` for any use case where you don't have full control of the loaded file. Please open an issue on GitHub for any issues related to this experimental feature.
  model_data = torch.load(str(model_location), map_location="cpu")
/gpfs/fs7/grdi/genarcc/common/conda/miniconda3/envs/hai_pytorch/lib/python3.12/site-packages/esm/pretrained.py:74: FutureWarning: You are using `torch.load` with `weights_only=False` (the current default value), which uses the default pickle module implicitly. It is possible to construct malicious pickle data which will execute arbitrary code during unpickling (See https://github.com/pytorch/pytorch/blob/main/SECURITY.md#untrusted-models for more details). In a future release, the default value for `weights_only` will be flipped to `True`. This limits the functions that could be executed during unpickling. Arbitrary objects will no longer be allowed to be loaded via this mode unless they are explicitly allowlisted by the user via `torch.serialization.add_safe_globals`. We recommend you start setting `weights_only=True` for any use case where you don't have full control of the loaded file. Please open an issue on GitHub for any issues related to this experimental feature.
  regression_data = torch.load(regression_location, map_location="cpu")
INFO:root:Start Training Model
INFO:root:Train epoch 1 in 163.842597 seconds
INFO:root:Train epoch 2 in 163.918245 seconds
INFO:root:Train epoch 3 in 163.710571 seconds
INFO:root:Train epoch 4 in 163.851827 seconds
INFO:root:Train epoch 5 in 163.838188 seconds
INFO:root:Train epoch 6 in 164.034664 seconds
INFO:root:Train epoch 7 in 163.871595 seconds
INFO:root:Train epoch 8 in 163.908953 seconds
INFO:root:Train epoch 9 in 164.070265 seconds
INFO:root:Train epoch 10 in 163.936419 seconds
INFO:root:Finish training and load weight for prediction:/gpfs/fs7/grdi/genarcc/wp1/genomics_unit/IAV/Retrain/model_weight/transformer_esm/06_NA_Protein_Subtype_t12/transformer_esm_2.pt
/gpfs/fs7/grdi/genarcc/common/conda/miniconda3/envs/hai_pytorch/lib/python3.12/site-packages/sklearn/metrics/_classification.py:2480: UserWarning: y_pred contains classes not in y_true
  warnings.warn("y_pred contains classes not in y_true")
/gpfs/fs7/grdi/genarcc/common/conda/miniconda3/envs/hai_pytorch/lib/python3.12/site-packages/sklearn/metrics/_classification.py:1531: UndefinedMetricWarning: Recall is ill-defined and being set to 0.0 in labels with no true samples. Use `zero_division` parameter to control this behavior.
  _warn_prf(average, modifier, f"{metric.capitalize()} is", len(result))
INFO:root:Fold: 3
/gpfs/fs7/grdi/genarcc/common/conda/miniconda3/envs/hai_pytorch/lib/python3.12/site-packages/esm/pretrained.py:70: FutureWarning: You are using `torch.load` with `weights_only=False` (the current default value), which uses the default pickle module implicitly. It is possible to construct malicious pickle data which will execute arbitrary code during unpickling (See https://github.com/pytorch/pytorch/blob/main/SECURITY.md#untrusted-models for more details). In a future release, the default value for `weights_only` will be flipped to `True`. This limits the functions that could be executed during unpickling. Arbitrary objects will no longer be allowed to be loaded via this mode unless they are explicitly allowlisted by the user via `torch.serialization.add_safe_globals`. We recommend you start setting `weights_only=True` for any use case where you don't have full control of the loaded file. Please open an issue on GitHub for any issues related to this experimental feature.
  model_data = torch.load(str(model_location), map_location="cpu")
/gpfs/fs7/grdi/genarcc/common/conda/miniconda3/envs/hai_pytorch/lib/python3.12/site-packages/esm/pretrained.py:74: FutureWarning: You are using `torch.load` with `weights_only=False` (the current default value), which uses the default pickle module implicitly. It is possible to construct malicious pickle data which will execute arbitrary code during unpickling (See https://github.com/pytorch/pytorch/blob/main/SECURITY.md#untrusted-models for more details). In a future release, the default value for `weights_only` will be flipped to `True`. This limits the functions that could be executed during unpickling. Arbitrary objects will no longer be allowed to be loaded via this mode unless they are explicitly allowlisted by the user via `torch.serialization.add_safe_globals`. We recommend you start setting `weights_only=True` for any use case where you don't have full control of the loaded file. Please open an issue on GitHub for any issues related to this experimental feature.
  regression_data = torch.load(regression_location, map_location="cpu")
INFO:root:Start Training Model
INFO:root:Train epoch 1 in 163.958330 seconds
INFO:root:Train epoch 2 in 164.105475 seconds
INFO:root:Train epoch 3 in 163.951614 seconds
INFO:root:Train epoch 4 in 164.109851 seconds
INFO:root:Train epoch 5 in 164.075113 seconds
INFO:root:Train epoch 6 in 163.922044 seconds
INFO:root:Train epoch 7 in 163.819206 seconds
INFO:root:Train epoch 8 in 163.958184 seconds
INFO:root:Train epoch 9 in 163.847631 seconds
INFO:root:Train epoch 10 in 163.829958 seconds
INFO:root:Train epoch 11 in 163.494239 seconds
INFO:root:Train epoch 12 in 163.943944 seconds
INFO:root:Train epoch 13 in 163.820567 seconds
INFO:root:Train epoch 14 in 163.806818 seconds
INFO:root:Train epoch 15 in 163.875745 seconds
INFO:root:Train epoch 16 in 163.760622 seconds
INFO:root:Train epoch 17 in 163.967592 seconds
INFO:root:Finish training and load weight for prediction:/gpfs/fs7/grdi/genarcc/wp1/genomics_unit/IAV/Retrain/model_weight/transformer_esm/06_NA_Protein_Subtype_t12/transformer_esm_3.pt
/gpfs/fs7/grdi/genarcc/common/conda/miniconda3/envs/hai_pytorch/lib/python3.12/site-packages/sklearn/metrics/_classification.py:2480: UserWarning: y_pred contains classes not in y_true
  warnings.warn("y_pred contains classes not in y_true")
/gpfs/fs7/grdi/genarcc/common/conda/miniconda3/envs/hai_pytorch/lib/python3.12/site-packages/sklearn/metrics/_classification.py:1531: UndefinedMetricWarning: Recall is ill-defined and being set to 0.0 in labels with no true samples. Use `zero_division` parameter to control this behavior.
  _warn_prf(average, modifier, f"{metric.capitalize()} is", len(result))
INFO:root:Fold: 4
/gpfs/fs7/grdi/genarcc/common/conda/miniconda3/envs/hai_pytorch/lib/python3.12/site-packages/esm/pretrained.py:70: FutureWarning: You are using `torch.load` with `weights_only=False` (the current default value), which uses the default pickle module implicitly. It is possible to construct malicious pickle data which will execute arbitrary code during unpickling (See https://github.com/pytorch/pytorch/blob/main/SECURITY.md#untrusted-models for more details). In a future release, the default value for `weights_only` will be flipped to `True`. This limits the functions that could be executed during unpickling. Arbitrary objects will no longer be allowed to be loaded via this mode unless they are explicitly allowlisted by the user via `torch.serialization.add_safe_globals`. We recommend you start setting `weights_only=True` for any use case where you don't have full control of the loaded file. Please open an issue on GitHub for any issues related to this experimental feature.
  model_data = torch.load(str(model_location), map_location="cpu")
/gpfs/fs7/grdi/genarcc/common/conda/miniconda3/envs/hai_pytorch/lib/python3.12/site-packages/esm/pretrained.py:74: FutureWarning: You are using `torch.load` with `weights_only=False` (the current default value), which uses the default pickle module implicitly. It is possible to construct malicious pickle data which will execute arbitrary code during unpickling (See https://github.com/pytorch/pytorch/blob/main/SECURITY.md#untrusted-models for more details). In a future release, the default value for `weights_only` will be flipped to `True`. This limits the functions that could be executed during unpickling. Arbitrary objects will no longer be allowed to be loaded via this mode unless they are explicitly allowlisted by the user via `torch.serialization.add_safe_globals`. We recommend you start setting `weights_only=True` for any use case where you don't have full control of the loaded file. Please open an issue on GitHub for any issues related to this experimental feature.
  regression_data = torch.load(regression_location, map_location="cpu")
INFO:root:Start Training Model
INFO:root:Train epoch 1 in 163.942633 seconds
INFO:root:Train epoch 2 in 163.825075 seconds
INFO:root:Train epoch 3 in 163.835852 seconds
INFO:root:Train epoch 4 in 163.906738 seconds
INFO:root:Train epoch 5 in 163.783985 seconds
INFO:root:Train epoch 6 in 164.036976 seconds
INFO:root:Train epoch 7 in 163.965502 seconds
INFO:root:Train epoch 8 in 163.920529 seconds
INFO:root:Train epoch 9 in 163.797216 seconds
INFO:root:Train epoch 10 in 163.479454 seconds
INFO:root:Train epoch 11 in 163.993531 seconds
INFO:root:Finish training and load weight for prediction:/gpfs/fs7/grdi/genarcc/wp1/genomics_unit/IAV/Retrain/model_weight/transformer_esm/06_NA_Protein_Subtype_t12/transformer_esm_4.pt
/gpfs/fs7/grdi/genarcc/common/conda/miniconda3/envs/hai_pytorch/lib/python3.12/site-packages/sklearn/metrics/_classification.py:2480: UserWarning: y_pred contains classes not in y_true
  warnings.warn("y_pred contains classes not in y_true")
/gpfs/fs7/grdi/genarcc/common/conda/miniconda3/envs/hai_pytorch/lib/python3.12/site-packages/sklearn/metrics/_classification.py:1531: UndefinedMetricWarning: Recall is ill-defined and being set to 0.0 in labels with no true samples. Use `zero_division` parameter to control this behavior.
  _warn_prf(average, modifier, f"{metric.capitalize()} is", len(result))
INFO:root:Fold: 5
/gpfs/fs7/grdi/genarcc/common/conda/miniconda3/envs/hai_pytorch/lib/python3.12/site-packages/esm/pretrained.py:70: FutureWarning: You are using `torch.load` with `weights_only=False` (the current default value), which uses the default pickle module implicitly. It is possible to construct malicious pickle data which will execute arbitrary code during unpickling (See https://github.com/pytorch/pytorch/blob/main/SECURITY.md#untrusted-models for more details). In a future release, the default value for `weights_only` will be flipped to `True`. This limits the functions that could be executed during unpickling. Arbitrary objects will no longer be allowed to be loaded via this mode unless they are explicitly allowlisted by the user via `torch.serialization.add_safe_globals`. We recommend you start setting `weights_only=True` for any use case where you don't have full control of the loaded file. Please open an issue on GitHub for any issues related to this experimental feature.
  model_data = torch.load(str(model_location), map_location="cpu")
/gpfs/fs7/grdi/genarcc/common/conda/miniconda3/envs/hai_pytorch/lib/python3.12/site-packages/esm/pretrained.py:74: FutureWarning: You are using `torch.load` with `weights_only=False` (the current default value), which uses the default pickle module implicitly. It is possible to construct malicious pickle data which will execute arbitrary code during unpickling (See https://github.com/pytorch/pytorch/blob/main/SECURITY.md#untrusted-models for more details). In a future release, the default value for `weights_only` will be flipped to `True`. This limits the functions that could be executed during unpickling. Arbitrary objects will no longer be allowed to be loaded via this mode unless they are explicitly allowlisted by the user via `torch.serialization.add_safe_globals`. We recommend you start setting `weights_only=True` for any use case where you don't have full control of the loaded file. Please open an issue on GitHub for any issues related to this experimental feature.
  regression_data = torch.load(regression_location, map_location="cpu")
INFO:root:Start Training Model
INFO:root:Train epoch 1 in 163.928740 seconds
INFO:root:Train epoch 2 in 163.987627 seconds
INFO:root:Train epoch 3 in 164.033621 seconds
INFO:root:Train epoch 4 in 164.047868 seconds
INFO:root:Train epoch 5 in 164.003642 seconds
INFO:root:Train epoch 6 in 163.720673 seconds
INFO:root:Train epoch 7 in 165.261655 seconds
INFO:root:Train epoch 8 in 164.767717 seconds
INFO:root:Train epoch 9 in 165.112385 seconds
INFO:root:Train epoch 10 in 164.365045 seconds
INFO:root:Train epoch 11 in 165.879501 seconds
INFO:root:Finish training and load weight for prediction:/gpfs/fs7/grdi/genarcc/wp1/genomics_unit/IAV/Retrain/model_weight/transformer_esm/06_NA_Protein_Subtype_t12/transformer_esm_5.pt
/gpfs/fs7/grdi/genarcc/common/conda/miniconda3/envs/hai_pytorch/lib/python3.12/site-packages/sklearn/metrics/_classification.py:2480: UserWarning: y_pred contains classes not in y_true
  warnings.warn("y_pred contains classes not in y_true")
/gpfs/fs7/grdi/genarcc/common/conda/miniconda3/envs/hai_pytorch/lib/python3.12/site-packages/sklearn/metrics/_classification.py:1531: UndefinedMetricWarning: Recall is ill-defined and being set to 0.0 in labels with no true samples. Use `zero_division` parameter to control this behavior.
  _warn_prf(average, modifier, f"{metric.capitalize()} is", len(result))
INFO:root:Fold: 6
/gpfs/fs7/grdi/genarcc/common/conda/miniconda3/envs/hai_pytorch/lib/python3.12/site-packages/esm/pretrained.py:70: FutureWarning: You are using `torch.load` with `weights_only=False` (the current default value), which uses the default pickle module implicitly. It is possible to construct malicious pickle data which will execute arbitrary code during unpickling (See https://github.com/pytorch/pytorch/blob/main/SECURITY.md#untrusted-models for more details). In a future release, the default value for `weights_only` will be flipped to `True`. This limits the functions that could be executed during unpickling. Arbitrary objects will no longer be allowed to be loaded via this mode unless they are explicitly allowlisted by the user via `torch.serialization.add_safe_globals`. We recommend you start setting `weights_only=True` for any use case where you don't have full control of the loaded file. Please open an issue on GitHub for any issues related to this experimental feature.
  model_data = torch.load(str(model_location), map_location="cpu")
/gpfs/fs7/grdi/genarcc/common/conda/miniconda3/envs/hai_pytorch/lib/python3.12/site-packages/esm/pretrained.py:74: FutureWarning: You are using `torch.load` with `weights_only=False` (the current default value), which uses the default pickle module implicitly. It is possible to construct malicious pickle data which will execute arbitrary code during unpickling (See https://github.com/pytorch/pytorch/blob/main/SECURITY.md#untrusted-models for more details). In a future release, the default value for `weights_only` will be flipped to `True`. This limits the functions that could be executed during unpickling. Arbitrary objects will no longer be allowed to be loaded via this mode unless they are explicitly allowlisted by the user via `torch.serialization.add_safe_globals`. We recommend you start setting `weights_only=True` for any use case where you don't have full control of the loaded file. Please open an issue on GitHub for any issues related to this experimental feature.
  regression_data = torch.load(regression_location, map_location="cpu")
INFO:root:Start Training Model
INFO:root:Train epoch 1 in 165.291614 seconds
INFO:root:Train epoch 2 in 164.441534 seconds
INFO:root:Train epoch 3 in 165.632397 seconds
INFO:root:Train epoch 4 in 164.800733 seconds
INFO:root:Train epoch 5 in 164.458355 seconds
INFO:root:Train epoch 6 in 164.766394 seconds
INFO:root:Train epoch 7 in 165.418083 seconds
INFO:root:Train epoch 8 in 165.672893 seconds
INFO:root:Train epoch 9 in 164.292122 seconds
INFO:root:Train epoch 10 in 165.313484 seconds
INFO:root:Train epoch 11 in 165.518208 seconds
INFO:root:Train epoch 12 in 165.277788 seconds
INFO:root:Train epoch 13 in 164.270676 seconds
INFO:root:Train epoch 14 in 165.305650 seconds
INFO:root:Train epoch 15 in 165.131077 seconds
INFO:root:Train epoch 16 in 164.507935 seconds
INFO:root:Finish training and load weight for prediction:/gpfs/fs7/grdi/genarcc/wp1/genomics_unit/IAV/Retrain/model_weight/transformer_esm/06_NA_Protein_Subtype_t12/transformer_esm_6.pt
/gpfs/fs7/grdi/genarcc/common/conda/miniconda3/envs/hai_pytorch/lib/python3.12/site-packages/sklearn/metrics/_classification.py:2480: UserWarning: y_pred contains classes not in y_true
  warnings.warn("y_pred contains classes not in y_true")
/gpfs/fs7/grdi/genarcc/common/conda/miniconda3/envs/hai_pytorch/lib/python3.12/site-packages/sklearn/metrics/_classification.py:1531: UndefinedMetricWarning: Recall is ill-defined and being set to 0.0 in labels with no true samples. Use `zero_division` parameter to control this behavior.
  _warn_prf(average, modifier, f"{metric.capitalize()} is", len(result))
INFO:root:Fold: 7
/gpfs/fs7/grdi/genarcc/common/conda/miniconda3/envs/hai_pytorch/lib/python3.12/site-packages/esm/pretrained.py:70: FutureWarning: You are using `torch.load` with `weights_only=False` (the current default value), which uses the default pickle module implicitly. It is possible to construct malicious pickle data which will execute arbitrary code during unpickling (See https://github.com/pytorch/pytorch/blob/main/SECURITY.md#untrusted-models for more details). In a future release, the default value for `weights_only` will be flipped to `True`. This limits the functions that could be executed during unpickling. Arbitrary objects will no longer be allowed to be loaded via this mode unless they are explicitly allowlisted by the user via `torch.serialization.add_safe_globals`. We recommend you start setting `weights_only=True` for any use case where you don't have full control of the loaded file. Please open an issue on GitHub for any issues related to this experimental feature.
  model_data = torch.load(str(model_location), map_location="cpu")
/gpfs/fs7/grdi/genarcc/common/conda/miniconda3/envs/hai_pytorch/lib/python3.12/site-packages/esm/pretrained.py:74: FutureWarning: You are using `torch.load` with `weights_only=False` (the current default value), which uses the default pickle module implicitly. It is possible to construct malicious pickle data which will execute arbitrary code during unpickling (See https://github.com/pytorch/pytorch/blob/main/SECURITY.md#untrusted-models for more details). In a future release, the default value for `weights_only` will be flipped to `True`. This limits the functions that could be executed during unpickling. Arbitrary objects will no longer be allowed to be loaded via this mode unless they are explicitly allowlisted by the user via `torch.serialization.add_safe_globals`. We recommend you start setting `weights_only=True` for any use case where you don't have full control of the loaded file. Please open an issue on GitHub for any issues related to this experimental feature.
  regression_data = torch.load(regression_location, map_location="cpu")
INFO:root:Start Training Model
INFO:root:Train epoch 1 in 165.978596 seconds
INFO:root:Train epoch 2 in 165.610427 seconds
INFO:root:Train epoch 3 in 164.770403 seconds
INFO:root:Train epoch 4 in 165.105388 seconds
INFO:root:Train epoch 5 in 165.590232 seconds
INFO:root:Train epoch 6 in 165.633362 seconds
INFO:root:Train epoch 7 in 164.484818 seconds
INFO:root:Train epoch 8 in 165.616147 seconds
INFO:root:Train epoch 9 in 165.620518 seconds
INFO:root:Train epoch 10 in 165.323915 seconds
INFO:root:Finish training and load weight for prediction:/gpfs/fs7/grdi/genarcc/wp1/genomics_unit/IAV/Retrain/model_weight/transformer_esm/06_NA_Protein_Subtype_t12/transformer_esm_7.pt
/gpfs/fs7/grdi/genarcc/common/conda/miniconda3/envs/hai_pytorch/lib/python3.12/site-packages/sklearn/metrics/_classification.py:2480: UserWarning: y_pred contains classes not in y_true
  warnings.warn("y_pred contains classes not in y_true")
/gpfs/fs7/grdi/genarcc/common/conda/miniconda3/envs/hai_pytorch/lib/python3.12/site-packages/sklearn/metrics/_classification.py:1531: UndefinedMetricWarning: Recall is ill-defined and being set to 0.0 in labels with no true samples. Use `zero_division` parameter to control this behavior.
  _warn_prf(average, modifier, f"{metric.capitalize()} is", len(result))
INFO:root:Fold: 8
/gpfs/fs7/grdi/genarcc/common/conda/miniconda3/envs/hai_pytorch/lib/python3.12/site-packages/esm/pretrained.py:70: FutureWarning: You are using `torch.load` with `weights_only=False` (the current default value), which uses the default pickle module implicitly. It is possible to construct malicious pickle data which will execute arbitrary code during unpickling (See https://github.com/pytorch/pytorch/blob/main/SECURITY.md#untrusted-models for more details). In a future release, the default value for `weights_only` will be flipped to `True`. This limits the functions that could be executed during unpickling. Arbitrary objects will no longer be allowed to be loaded via this mode unless they are explicitly allowlisted by the user via `torch.serialization.add_safe_globals`. We recommend you start setting `weights_only=True` for any use case where you don't have full control of the loaded file. Please open an issue on GitHub for any issues related to this experimental feature.
  model_data = torch.load(str(model_location), map_location="cpu")
/gpfs/fs7/grdi/genarcc/common/conda/miniconda3/envs/hai_pytorch/lib/python3.12/site-packages/esm/pretrained.py:74: FutureWarning: You are using `torch.load` with `weights_only=False` (the current default value), which uses the default pickle module implicitly. It is possible to construct malicious pickle data which will execute arbitrary code during unpickling (See https://github.com/pytorch/pytorch/blob/main/SECURITY.md#untrusted-models for more details). In a future release, the default value for `weights_only` will be flipped to `True`. This limits the functions that could be executed during unpickling. Arbitrary objects will no longer be allowed to be loaded via this mode unless they are explicitly allowlisted by the user via `torch.serialization.add_safe_globals`. We recommend you start setting `weights_only=True` for any use case where you don't have full control of the loaded file. Please open an issue on GitHub for any issues related to this experimental feature.
  regression_data = torch.load(regression_location, map_location="cpu")
INFO:root:Start Training Model
INFO:root:Train epoch 1 in 165.535331 seconds
INFO:root:Train epoch 2 in 165.035465 seconds
INFO:root:Train epoch 3 in 165.447778 seconds
INFO:root:Train epoch 4 in 164.447358 seconds
INFO:root:Train epoch 5 in 165.588644 seconds
INFO:root:Train epoch 6 in 165.275649 seconds
INFO:root:Train epoch 7 in 164.828922 seconds
INFO:root:Train epoch 8 in 165.645271 seconds
INFO:root:Train epoch 9 in 165.481508 seconds
INFO:root:Finish training and load weight for prediction:/gpfs/fs7/grdi/genarcc/wp1/genomics_unit/IAV/Retrain/model_weight/transformer_esm/06_NA_Protein_Subtype_t12/transformer_esm_8.pt
/gpfs/fs7/grdi/genarcc/common/conda/miniconda3/envs/hai_pytorch/lib/python3.12/site-packages/sklearn/metrics/_classification.py:2480: UserWarning: y_pred contains classes not in y_true
  warnings.warn("y_pred contains classes not in y_true")
/gpfs/fs7/grdi/genarcc/common/conda/miniconda3/envs/hai_pytorch/lib/python3.12/site-packages/sklearn/metrics/_classification.py:1531: UndefinedMetricWarning: Recall is ill-defined and being set to 0.0 in labels with no true samples. Use `zero_division` parameter to control this behavior.
  _warn_prf(average, modifier, f"{metric.capitalize()} is", len(result))
INFO:root:Fold: 9
/gpfs/fs7/grdi/genarcc/common/conda/miniconda3/envs/hai_pytorch/lib/python3.12/site-packages/esm/pretrained.py:70: FutureWarning: You are using `torch.load` with `weights_only=False` (the current default value), which uses the default pickle module implicitly. It is possible to construct malicious pickle data which will execute arbitrary code during unpickling (See https://github.com/pytorch/pytorch/blob/main/SECURITY.md#untrusted-models for more details). In a future release, the default value for `weights_only` will be flipped to `True`. This limits the functions that could be executed during unpickling. Arbitrary objects will no longer be allowed to be loaded via this mode unless they are explicitly allowlisted by the user via `torch.serialization.add_safe_globals`. We recommend you start setting `weights_only=True` for any use case where you don't have full control of the loaded file. Please open an issue on GitHub for any issues related to this experimental feature.
  model_data = torch.load(str(model_location), map_location="cpu")
/gpfs/fs7/grdi/genarcc/common/conda/miniconda3/envs/hai_pytorch/lib/python3.12/site-packages/esm/pretrained.py:74: FutureWarning: You are using `torch.load` with `weights_only=False` (the current default value), which uses the default pickle module implicitly. It is possible to construct malicious pickle data which will execute arbitrary code during unpickling (See https://github.com/pytorch/pytorch/blob/main/SECURITY.md#untrusted-models for more details). In a future release, the default value for `weights_only` will be flipped to `True`. This limits the functions that could be executed during unpickling. Arbitrary objects will no longer be allowed to be loaded via this mode unless they are explicitly allowlisted by the user via `torch.serialization.add_safe_globals`. We recommend you start setting `weights_only=True` for any use case where you don't have full control of the loaded file. Please open an issue on GitHub for any issues related to this experimental feature.
  regression_data = torch.load(regression_location, map_location="cpu")
INFO:root:Start Training Model
INFO:root:Train epoch 1 in 164.932693 seconds
INFO:root:Train epoch 2 in 163.535463 seconds
INFO:root:Train epoch 3 in 164.444764 seconds
INFO:root:Train epoch 4 in 165.886965 seconds
INFO:root:Train epoch 5 in 165.734745 seconds
INFO:root:Train epoch 6 in 165.126974 seconds
INFO:root:Train epoch 7 in 165.214608 seconds
INFO:root:Train epoch 8 in 165.834773 seconds
INFO:root:Train epoch 9 in 165.917795 seconds
INFO:root:Train epoch 10 in 164.306424 seconds
INFO:root:Finish training and load weight for prediction:/gpfs/fs7/grdi/genarcc/wp1/genomics_unit/IAV/Retrain/model_weight/transformer_esm/06_NA_Protein_Subtype_t12/transformer_esm_9.pt
/gpfs/fs7/grdi/genarcc/common/conda/miniconda3/envs/hai_pytorch/lib/python3.12/site-packages/sklearn/metrics/_classification.py:2480: UserWarning: y_pred contains classes not in y_true
  warnings.warn("y_pred contains classes not in y_true")
/gpfs/fs7/grdi/genarcc/common/conda/miniconda3/envs/hai_pytorch/lib/python3.12/site-packages/sklearn/metrics/_classification.py:1531: UndefinedMetricWarning: Recall is ill-defined and being set to 0.0 in labels with no true samples. Use `zero_division` parameter to control this behavior.
  _warn_prf(average, modifier, f"{metric.capitalize()} is", len(result))
Training data shape: (22537, 497) (22537,)
Test High-quality Data Shape: (28219, 497) (28219,)
Test Low-quality Data Shape (Post 2020): (720, 497) (720,)
Number of classes: 11
Fold: 0
Total Trainable Parameters:  33563085
Total Parameters:  33563085
----Epoch:1----
Training Time : 170.51411175727844
Val Infer Time: 8.198975324630737
BAS Score on Validation Data: 0.9992841803865425
Loss on Validation Data: 0.06301134405001788
Validation loss decreased (inf --> 0.063011).  Saving model ...
----Epoch:2----
Training Time : 164.6398730278015
Val Infer Time: 7.9063122272491455
BAS Score on Validation Data: 0.9992841803865425
Loss on Validation Data: 0.006642271935100287
Validation loss decreased (0.063011 --> 0.006642).  Saving model ...
----Epoch:3----
Training Time : 165.7121558189392
Val Infer Time: 7.908841609954834
BAS Score on Validation Data: 0.997617513719876
Loss on Validation Data: 0.008945992714922192
EarlyStopping counter: 1 out of 7
----Epoch:4----
Training Time : 165.38671255111694
Val Infer Time: 7.841939449310303
BAS Score on Validation Data: 0.9992841803865425
Loss on Validation Data: 0.00414474660032232
Validation loss decreased (0.006642 --> 0.004145).  Saving model ...
----Epoch:5----
Training Time : 164.78216457366943
Val Infer Time: 7.888899803161621
BAS Score on Validation Data: 0.9992841803865425
Loss on Validation Data: 0.0030895462128478035
Validation loss decreased (0.004145 --> 0.003090).  Saving model ...
----Epoch:6----
Training Time : 165.01707863807678
Val Infer Time: 7.887024402618408
BAS Score on Validation Data: 0.9993390598902411
Loss on Validation Data: 0.006446966875187108
EarlyStopping counter: 1 out of 7
----Epoch:7----
Training Time : 165.44224405288696
Val Infer Time: 7.904045820236206
BAS Score on Validation Data: 0.9992841803865425
Loss on Validation Data: 0.0028816639432604884
EarlyStopping counter: 2 out of 7
----Epoch:8----
Training Time : 164.7096197605133
Val Infer Time: 7.929420709609985
BAS Score on Validation Data: 0.9992841803865425
Loss on Validation Data: 0.0027844041690859994
EarlyStopping counter: 3 out of 7
----Epoch:9----
Training Time : 165.28443717956543
Val Infer Time: 7.934640407562256
BAS Score on Validation Data: 0.9992841803865425
Loss on Validation Data: 0.004585460143190035
EarlyStopping counter: 4 out of 7
----Epoch:10----
Training Time : 166.58896446228027
Val Infer Time: 7.980123281478882
BAS Score on Validation Data: 0.9992841803865425
Loss on Validation Data: 0.0028556150344895646
EarlyStopping counter: 5 out of 7
----Epoch:11----
Training Time : 165.34517693519592
Val Infer Time: 7.838768005371094
BAS Score on Validation Data: 0.9992841803865425
Loss on Validation Data: 0.002351217444094134
EarlyStopping counter: 6 out of 7
----Epoch:12----
Training Time : 167.08532786369324
Val Infer Time: 8.03724193572998
BAS Score on Validation Data: 0.9992841803865425
Loss on Validation Data: 0.0029443993534840327
EarlyStopping counter: 7 out of 7
Early Stop
Load the best weight after training: /gpfs/fs7/grdi/genarcc/wp1/genomics_unit/IAV/Retrain/model_weight/transformer_esm/06_NA_Protein_Subtype_t12/transformer_esm_0.pt
Inference Test Time: 99.46465706825256
Inference Test Time: 2.548640012741089
High Quality
0.9999836529187713 0.9993495219288236 0.9987194846255648 0.9999836529187713 0.9998709231196048
              precision    recall  f1-score   support

           0       1.00      1.00      1.00     13173
           1       1.00      1.00      1.00     13594
           2       0.99      1.00      1.00       130
           3       1.00      1.00      1.00        39
           4       1.00      1.00      1.00        81
           5       1.00      1.00      1.00       256
           6       1.00      1.00      1.00        45
           7       1.00      1.00      1.00       839
           8       1.00      1.00      1.00        62

    accuracy                           1.00     28219
   macro avg       1.00      1.00      1.00     28219
weighted avg       1.00      1.00      1.00     28219

Low Quality
0.8977961432506888 0.9307946849278153 0.997159090909091 0.8977961432506888 0.9865389678021298
              precision    recall  f1-score   support

           0       1.00      0.99      0.99       363
           1       0.99      1.00      0.99       347
           2       1.00      0.50      0.67         2
           7       1.00      1.00      1.00         7
           8       1.00      1.00      1.00         1

    accuracy                           0.99       720
   macro avg       1.00      0.90      0.93       720
weighted avg       0.99      0.99      0.99       720


High Quality Post 2020
                    mean  std  sem  count
Model                                    
transformer_esm  0.99935  NaN  NaN      1
                     mean  std  sem  count
Model                                     
transformer_esm  0.999984  NaN  NaN      1
                     mean  std  sem  count
Model                                     
transformer_esm  0.999871  NaN  NaN      1

Low Quality Post 2020
                     mean  std  sem  count
Model                                     
transformer_esm  0.930795  NaN  NaN      1
                     mean  std  sem  count
Model                                     
transformer_esm  0.897796  NaN  NaN      1
                     mean  std  sem  count
Model                                     
transformer_esm  0.986539  NaN  NaN      1
Saving Results
Fold: 1
Total Trainable Parameters:  33563085
Total Parameters:  33563085
----Epoch:1----
Training Time : 166.98357605934143
Val Infer Time: 8.023179292678833
BAS Score on Validation Data: 0.997399522054543
Loss on Validation Data: 0.06377111018543512
Validation loss decreased (inf --> 0.063771).  Saving model ...
----Epoch:2----
Training Time : 165.25905418395996
Val Infer Time: 7.9567859172821045
BAS Score on Validation Data: 0.9980442673801394
Loss on Validation Data: 0.01846902177367412
Validation loss decreased (0.063771 --> 0.018469).  Saving model ...
----Epoch:3----
Training Time : 165.69275951385498
Val Infer Time: 7.912991523742676
BAS Score on Validation Data: 0.9980442673801394
Loss on Validation Data: 0.016273678450937003
Validation loss decreased (0.018469 --> 0.016274).  Saving model ...
----Epoch:4----
Training Time : 165.1645429134369
Val Infer Time: 7.92439079284668
BAS Score on Validation Data: 0.9980442673801394
Loss on Validation Data: 0.023893540593939767
EarlyStopping counter: 1 out of 7
----Epoch:5----
Training Time : 164.75449681282043
Val Infer Time: 7.898245096206665
BAS Score on Validation Data: 0.9980442673801394
Loss on Validation Data: 0.024218362506846308
EarlyStopping counter: 2 out of 7
----Epoch:6----
Training Time : 165.7188355922699
Val Infer Time: 7.9067957401275635
BAS Score on Validation Data: 0.9980442673801394
Loss on Validation Data: 0.016159443525781095
EarlyStopping counter: 3 out of 7
----Epoch:7----
Training Time : 165.7557225227356
Val Infer Time: 7.936304092407227
BAS Score on Validation Data: 0.9969001490312965
Loss on Validation Data: 0.025963209359578684
EarlyStopping counter: 4 out of 7
----Epoch:8----
Training Time : 163.9483358860016
Val Infer Time: 7.830792665481567
BAS Score on Validation Data: 0.9980442673801394
Loss on Validation Data: 0.015922189808227648
EarlyStopping counter: 5 out of 7
----Epoch:9----
Training Time : 163.9449610710144
Val Infer Time: 7.852353811264038
BAS Score on Validation Data: 0.9978927522286242
Loss on Validation Data: 0.023428592096332093
EarlyStopping counter: 6 out of 7
----Epoch:10----
Training Time : 163.90202450752258
Val Infer Time: 7.868173599243164
BAS Score on Validation Data: 0.9978927522286242
Loss on Validation Data: 0.028047506343310987
EarlyStopping counter: 7 out of 7
Early Stop
Load the best weight after training: /gpfs/fs7/grdi/genarcc/wp1/genomics_unit/IAV/Retrain/model_weight/transformer_esm/06_NA_Protein_Subtype_t12/transformer_esm_1.pt
Inference Test Time: 98.09230327606201
Inference Test Time: 2.518237590789795
High Quality
0.9975145171163022 0.9976786191268326 0.9978841593627585 0.9975145171163022 0.9998063848330431
              precision    recall  f1-score   support

           0       1.00      1.00      1.00     13173
           1       1.00      1.00      1.00     13594
           2       0.98      1.00      0.99       130
           3       1.00      1.00      1.00        39
           4       1.00      1.00      1.00        81
           5       1.00      1.00      1.00       256
           6       1.00      0.98      0.99        45
           7       1.00      1.00      1.00       839
           8       1.00      1.00      1.00        62

    accuracy                           1.00     28219
   macro avg       1.00      1.00      1.00     28219
weighted avg       1.00      1.00      1.00     28219

Low Quality
0.9905827994379213 0.7457623248762489 0.7217405266538215 0.8254856661982677 0.9559429340389685
              precision    recall  f1-score   support

           0       1.00      0.96      0.98       363
           1       1.00      0.99      1.00       347
           2       1.00      1.00      1.00         2
           6       0.00       nan      0.00         0
           7       1.00      1.00      1.00         7
           8       0.33      1.00      0.50         1

    accuracy                           0.98       720
   macro avg       0.72      0.99      0.75       720
weighted avg       1.00      0.98      0.99       720


High Quality Post 2020
                     mean       std       sem  count
Model                                               
transformer_esm  0.998514  0.001182  0.000835      2
                     mean       std       sem  count
Model                                               
transformer_esm  0.998749  0.001746  0.001235      2
                     mean       std       sem  count
Model                                               
transformer_esm  0.999839  0.000046  0.000032      2

Low Quality Post 2020
                     mean       std       sem  count
Model                                               
transformer_esm  0.838279  0.130838  0.092516      2
                     mean      std       sem  count
Model                                              
transformer_esm  0.944189  0.06561  0.046393      2
                     mean       std       sem  count
Model                                               
transformer_esm  0.971241  0.021635  0.015298      2
Saving Results
Fold: 2
Total Trainable Parameters:  33563085
Total Parameters:  33563085
----Epoch:1----
Training Time : 163.84259748458862
Val Infer Time: 7.82705020904541
BAS Score on Validation Data: 0.8003620382642954
Loss on Validation Data: 0.3236910323022117
Validation loss decreased (inf --> 0.323691).  Saving model ...
----Epoch:2----
Training Time : 163.91824460029602
Val Infer Time: 7.850419044494629
BAS Score on Validation Data: 0.9966636170003335
Loss on Validation Data: 0.02715447398138718
Validation loss decreased (0.323691 --> 0.027154).  Saving model ...
----Epoch:3----
Training Time : 163.7105712890625
Val Infer Time: 7.841076374053955
BAS Score on Validation Data: 0.9966636170003335
Loss on Validation Data: 0.02605955066605353
Validation loss decreased (0.027154 --> 0.026060).  Saving model ...
----Epoch:4----
Training Time : 163.85182738304138
Val Infer Time: 7.845942258834839
BAS Score on Validation Data: 0.9966636170003335
Loss on Validation Data: 0.027801842756674324
EarlyStopping counter: 1 out of 7
----Epoch:5----
Training Time : 163.83818817138672
Val Infer Time: 7.851913928985596
BAS Score on Validation Data: 0.9966636170003335
Loss on Validation Data: 0.02522091378628368
EarlyStopping counter: 2 out of 7
----Epoch:6----
Training Time : 164.03466415405273
Val Infer Time: 7.854869365692139
BAS Score on Validation Data: 0.9966636170003335
Loss on Validation Data: 0.026050615688444863
EarlyStopping counter: 3 out of 7
----Epoch:7----
Training Time : 163.87159538269043
Val Infer Time: 7.851492643356323
BAS Score on Validation Data: 0.9966636170003335
Loss on Validation Data: 0.02606586896827523
EarlyStopping counter: 4 out of 7
----Epoch:8----
Training Time : 163.9089527130127
Val Infer Time: 7.830322504043579
BAS Score on Validation Data: 0.9966636170003335
Loss on Validation Data: 0.03136240297429998
EarlyStopping counter: 5 out of 7
----Epoch:9----
Training Time : 164.07026529312134
Val Infer Time: 7.8551013469696045
BAS Score on Validation Data: 0.9966636170003335
Loss on Validation Data: 0.028664473129410138
EarlyStopping counter: 6 out of 7
----Epoch:10----
Training Time : 163.93641924858093
Val Infer Time: 7.849107027053833
BAS Score on Validation Data: 0.9966636170003335
Loss on Validation Data: 0.027848608424546013
EarlyStopping counter: 7 out of 7
Early Stop
Load the best weight after training: /gpfs/fs7/grdi/genarcc/wp1/genomics_unit/IAV/Retrain/model_weight/transformer_esm/06_NA_Protein_Subtype_t12/transformer_esm_2.pt
Inference Test Time: 98.12387108802795
Inference Test Time: 2.519822835922241
High Quality
0.9999754793781571 0.9984565455179464 0.9969558161952298 0.9999754793781571 0.999806395536646
              precision    recall  f1-score   support

           0       1.00      1.00      1.00     13173
           1       1.00      1.00      1.00     13594
           2       0.99      1.00      1.00       130
           3       1.00      1.00      1.00        39
           4       1.00      1.00      1.00        81
           5       1.00      1.00      1.00       256
           6       1.00      1.00      1.00        45
           7       1.00      1.00      1.00       839
           8       0.98      1.00      0.99        62

    accuracy                           1.00     28219
   macro avg       1.00      1.00      1.00     28219
weighted avg       1.00      1.00      1.00     28219

Low Quality
0.889048991354467 0.5499773654542047 0.5862052368117059 0.6350349938246193 0.947578215306696
              precision    recall  f1-score   support

           0       0.98      1.00      0.99       363
           1       1.00      0.95      0.97       347
           2       1.00      0.50      0.67         2
           4       0.00       nan      0.00         0
           6       0.00       nan      0.00         0
           7       1.00      1.00      1.00         7
           8       0.12      1.00      0.22         1

    accuracy                           0.97       720
   macro avg       0.59      0.89      0.55       720
weighted avg       0.99      0.97      0.98       720


High Quality Post 2020
                     mean       std       sem  count
Model                                               
transformer_esm  0.998495  0.000836  0.000483      3
                     mean       std       sem  count
Model                                               
transformer_esm  0.999158  0.001423  0.000822      3
                     mean       std       sem  count
Model                                               
transformer_esm  0.999828  0.000037  0.000022      3

Low Quality Post 2020
                     mean       std       sem  count
Model                                               
transformer_esm  0.742178  0.190434  0.109947      3
                     mean       std       sem  count
Model                                               
transformer_esm  0.925809  0.056266  0.032485      3
                     mean      std       sem  count
Model                                              
transformer_esm  0.963353  0.02051  0.011842      3
Saving Results
Fold: 3
Total Trainable Parameters:  33563085
Total Parameters:  33563085
----Epoch:1----
Training Time : 163.95833039283752
Val Infer Time: 7.857271909713745
BAS Score on Validation Data: 0.9538498409352262
Loss on Validation Data: 0.20136651858477525
Validation loss decreased (inf --> 0.201367).  Saving model ...
----Epoch:2----
Training Time : 164.10547542572021
Val Infer Time: 7.85939621925354
BAS Score on Validation Data: 0.9969705379599532
Loss on Validation Data: 0.03790971741709911
Validation loss decreased (0.201367 --> 0.037910).  Saving model ...
----Epoch:3----
Training Time : 163.95161414146423
Val Infer Time: 7.856646776199341
BAS Score on Validation Data: 0.9965159925054078
Loss on Validation Data: 0.045134120004277835
EarlyStopping counter: 1 out of 7
----Epoch:4----
Training Time : 164.1098506450653
Val Infer Time: 7.835078954696655
BAS Score on Validation Data: 0.9969705379599532
Loss on Validation Data: 0.03879167401874569
EarlyStopping counter: 2 out of 7
----Epoch:5----
Training Time : 164.0751132965088
Val Infer Time: 7.855932235717773
BAS Score on Validation Data: 0.9969705379599532
Loss on Validation Data: 0.037235665436781626
EarlyStopping counter: 3 out of 7
----Epoch:6----
Training Time : 163.92204427719116
Val Infer Time: 7.876216650009155
BAS Score on Validation Data: 0.9969705379599532
Loss on Validation Data: 0.03544371312772724
Validation loss decreased (0.037910 --> 0.035444).  Saving model ...
----Epoch:7----
Training Time : 163.81920552253723
Val Infer Time: 7.848642826080322
BAS Score on Validation Data: 0.9962949294154924
Loss on Validation Data: 0.049232720646639944
EarlyStopping counter: 1 out of 7
----Epoch:8----
Training Time : 163.95818424224854
Val Infer Time: 7.855805397033691
BAS Score on Validation Data: 0.9969705379599532
Loss on Validation Data: 0.023449617424901103
Validation loss decreased (0.035444 --> 0.023450).  Saving model ...
----Epoch:9----
Training Time : 163.84763097763062
Val Infer Time: 7.849428176879883
BAS Score on Validation Data: 0.9969705379599532
Loss on Validation Data: 0.02329359172095715
EarlyStopping counter: 1 out of 7
----Epoch:10----
Training Time : 163.82995772361755
Val Infer Time: 7.832059621810913
BAS Score on Validation Data: 0.9969705379599532
Loss on Validation Data: 0.020394054989159947
Validation loss decreased (0.023450 --> 0.020394).  Saving model ...
----Epoch:11----
Training Time : 163.49423933029175
Val Infer Time: 7.858004808425903
BAS Score on Validation Data: 0.9969705379599532
Loss on Validation Data: 0.019417744549647183
EarlyStopping counter: 1 out of 7
----Epoch:12----
Training Time : 163.94394445419312
Val Infer Time: 7.855095386505127
BAS Score on Validation Data: 0.9969705379599532
Loss on Validation Data: 0.020409542227714832
EarlyStopping counter: 2 out of 7
----Epoch:13----
Training Time : 163.82056713104248
Val Infer Time: 7.848423480987549
BAS Score on Validation Data: 0.9969705379599532
Loss on Validation Data: 0.021040728656758725
EarlyStopping counter: 3 out of 7
----Epoch:14----
Training Time : 163.80681824684143
Val Infer Time: 7.8516833782196045
BAS Score on Validation Data: 0.9969705379599532
Loss on Validation Data: 0.019397669275042037
EarlyStopping counter: 4 out of 7
----Epoch:15----
Training Time : 163.87574529647827
Val Infer Time: 7.843982696533203
BAS Score on Validation Data: 0.9953526297060692
Loss on Validation Data: 0.02571943061242641
EarlyStopping counter: 5 out of 7
----Epoch:16----
Training Time : 163.76062154769897
Val Infer Time: 7.85320520401001
BAS Score on Validation Data: 0.9965979597185225
Loss on Validation Data: 0.019470929259985264
EarlyStopping counter: 6 out of 7
----Epoch:17----
Training Time : 163.96759223937988
Val Infer Time: 7.850466966629028
BAS Score on Validation Data: 0.9969705379599532
Loss on Validation Data: 0.01952703832320764
EarlyStopping counter: 7 out of 7
Early Stop
Load the best weight after training: /gpfs/fs7/grdi/genarcc/wp1/genomics_unit/IAV/Retrain/model_weight/transformer_esm/06_NA_Protein_Subtype_t12/transformer_esm_3.pt
Inference Test Time: 97.9525978565216
Inference Test Time: 2.518989086151123
High Quality
0.9876379739064257 0.981319321342842 0.9778861512922314 0.9876379739064257 0.9992902236151506
              precision    recall  f1-score   support

           0       1.00      1.00      1.00     13173
           1       1.00      1.00      1.00     13594
           2       0.99      1.00      1.00       130
           3       0.81      1.00      0.90        39
           4       1.00      0.89      0.94        81
           5       1.00      1.00      1.00       256
           6       1.00      1.00      1.00        45
           7       1.00      1.00      1.00       839
           8       1.00      1.00      1.00        62

    accuracy                           1.00     28219
   macro avg       0.98      0.99      0.98     28219
weighted avg       1.00      1.00      1.00     28219

Low Quality
0.9933630250633133 0.7021524105097593 0.6960168793742281 0.7095450179023667 0.9684840393262333
              precision    recall  f1-score   support

           0       1.00      0.97      0.98       363
           1       1.00      1.00      1.00       347
           2       1.00      1.00      1.00         2
           3       0.00       nan      0.00         0
           7       0.88      1.00      0.93         7
           8       1.00      1.00      1.00         1
           9       0.00       nan      0.00         0

    accuracy                           0.98       720
   macro avg       0.70      0.99      0.70       720
weighted avg       1.00      0.98      0.99       720


High Quality Post 2020
                     mean       std       sem  count
Model                                               
transformer_esm  0.994201  0.008615  0.004307      4
                     mean       std       sem  count
Model                                               
transformer_esm  0.996278  0.005876  0.002938      4
                     mean       std       sem  count
Model                                               
transformer_esm  0.999693  0.000271  0.000135      4

Low Quality Post 2020
                     mean       std       sem  count
Model                                               
transformer_esm  0.732172  0.156771  0.078386      4
                     mean       std       sem  count
Model                                               
transformer_esm  0.942698  0.057021  0.028511      4
                     mean       std       sem  count
Model                                               
transformer_esm  0.964636  0.016942  0.008471      4
Saving Results
Fold: 4
Total Trainable Parameters:  33563085
Total Parameters:  33563085
----Epoch:1----
Training Time : 163.94263291358948
Val Infer Time: 7.844090461730957
BAS Score on Validation Data: 0.9992679787080487
Loss on Validation Data: 0.042528105453706125
Validation loss decreased (inf --> 0.042528).  Saving model ...
----Epoch:2----
Training Time : 163.82507467269897
Val Infer Time: 7.849102973937988
BAS Score on Validation Data: 0.9992679787080487
Loss on Validation Data: 0.010824838574503509
Validation loss decreased (0.042528 --> 0.010825).  Saving model ...
----Epoch:3----
Training Time : 163.8358519077301
Val Infer Time: 7.848290205001831
BAS Score on Validation Data: 0.9992679787080487
Loss on Validation Data: 0.00908616253397834
Validation loss decreased (0.010825 --> 0.009086).  Saving model ...
----Epoch:4----
Training Time : 163.90673780441284
Val Infer Time: 7.846824884414673
BAS Score on Validation Data: 0.9992679787080487
Loss on Validation Data: 0.006997726332973427
Validation loss decreased (0.009086 --> 0.006998).  Saving model ...
----Epoch:5----
Training Time : 163.78398513793945
Val Infer Time: 7.844672441482544
BAS Score on Validation Data: 0.9992679787080487
Loss on Validation Data: 0.008427784424012815
EarlyStopping counter: 1 out of 7
----Epoch:6----
Training Time : 164.0369758605957
Val Infer Time: 7.880023956298828
BAS Score on Validation Data: 0.9992679787080487
Loss on Validation Data: 0.007535052866163388
EarlyStopping counter: 2 out of 7
----Epoch:7----
Training Time : 163.96550178527832
Val Infer Time: 7.849399089813232
BAS Score on Validation Data: 0.9992679787080487
Loss on Validation Data: 0.007697756756359423
EarlyStopping counter: 3 out of 7
----Epoch:8----
Training Time : 163.9205286502838
Val Infer Time: 7.850834369659424
BAS Score on Validation Data: 0.9992679787080487
Loss on Validation Data: 0.007638639232642214
EarlyStopping counter: 4 out of 7
----Epoch:9----
Training Time : 163.7972161769867
Val Infer Time: 7.849381446838379
BAS Score on Validation Data: 0.9992679787080487
Loss on Validation Data: 0.007057662790929767
EarlyStopping counter: 5 out of 7
----Epoch:10----
Training Time : 163.47945427894592
Val Infer Time: 7.834447622299194
BAS Score on Validation Data: 0.9992679787080487
Loss on Validation Data: 0.0071811666056303914
EarlyStopping counter: 6 out of 7
----Epoch:11----
Training Time : 163.99353075027466
Val Infer Time: 7.852736711502075
BAS Score on Validation Data: 0.9992679787080487
Loss on Validation Data: 0.006380011970308465
EarlyStopping counter: 7 out of 7
Early Stop
Load the best weight after training: /gpfs/fs7/grdi/genarcc/wp1/genomics_unit/IAV/Retrain/model_weight/transformer_esm/06_NA_Protein_Subtype_t12/transformer_esm_4.pt
Inference Test Time: 97.98497772216797
Inference Test Time: 2.518045425415039
High Quality
0.9999836529187713 0.9993495219288236 0.9987194846255648 0.9999836529187713 0.9998709231196048
              precision    recall  f1-score   support

           0       1.00      1.00      1.00     13173
           1       1.00      1.00      1.00     13594
           2       0.99      1.00      1.00       130
           3       1.00      1.00      1.00        39
           4       1.00      1.00      1.00        81
           5       1.00      1.00      1.00       256
           6       1.00      1.00      1.00        45
           7       1.00      1.00      1.00       839
           8       1.00      1.00      1.00        62

    accuracy                           1.00     28219
   macro avg       1.00      1.00      1.00     28219
weighted avg       1.00      1.00      1.00     28219

Low Quality
0.8664444890538683 0.5878596672720314 0.6055102040816326 0.618888920752763 0.9706248749032085
              precision    recall  f1-score   support

           0       1.00      0.98      0.99       363
           1       0.99      1.00      0.99       347
           2       1.00      0.50      0.67         2
           5       0.00       nan      0.00         0
           7       0.75      0.86      0.80         7
           8       0.50      1.00      0.67         1
          10       0.00       nan      0.00         0

    accuracy                           0.98       720
   macro avg       0.61      0.87      0.59       720
weighted avg       0.99      0.98      0.99       720


High Quality Post 2020
                     mean       std       sem  count
Model                                               
transformer_esm  0.995231  0.007808  0.003492      5
                     mean       std       sem  count
Model                                               
transformer_esm  0.997019  0.005352  0.002393      5
                     mean       std       sem  count
Model                                               
transformer_esm  0.999729  0.000247  0.000111      5

Low Quality Post 2020
                     mean       std       sem  count
Model                                               
transformer_esm  0.703309  0.150327  0.067228      5
                     mean       std       sem  count
Model                                               
transformer_esm  0.927447  0.060012  0.026838      5
                     mean       std      sem  count
Model                                              
transformer_esm  0.965834  0.014915  0.00667      5
Saving Results
Fold: 5
Total Trainable Parameters:  33563085
Total Parameters:  33563085
----Epoch:1----
Training Time : 163.92874002456665
Val Infer Time: 7.858314752578735
BAS Score on Validation Data: 0.9972596039131472
Loss on Validation Data: 0.047966379514882265
Validation loss decreased (inf --> 0.047966).  Saving model ...
----Epoch:2----
Training Time : 163.98762679100037
Val Infer Time: 7.863327264785767
BAS Score on Validation Data: 0.9972596039131472
Loss on Validation Data: 0.023180414463432743
Validation loss decreased (0.047966 --> 0.023180).  Saving model ...
----Epoch:3----
Training Time : 164.03362131118774
Val Infer Time: 7.832295179367065
BAS Score on Validation Data: 0.9972596039131472
Loss on Validation Data: 0.01978972848032562
Validation loss decreased (0.023180 --> 0.019790).  Saving model ...
----Epoch:4----
Training Time : 164.04786825180054
Val Infer Time: 7.841246128082275
BAS Score on Validation Data: 0.9972596039131472
Loss on Validation Data: 0.018754433263355578
Validation loss decreased (0.019790 --> 0.018754).  Saving model ...
----Epoch:5----
Training Time : 164.00364184379578
Val Infer Time: 7.85080361366272
BAS Score on Validation Data: 0.9972596039131472
Loss on Validation Data: 0.019905232732564632
EarlyStopping counter: 1 out of 7
----Epoch:6----
Training Time : 163.72067308425903
Val Infer Time: 7.885172605514526
BAS Score on Validation Data: 0.9075294254158454
Loss on Validation Data: 0.08536243737793305
EarlyStopping counter: 2 out of 7
----Epoch:7----
Training Time : 165.2616548538208
Val Infer Time: 7.910338878631592
BAS Score on Validation Data: 0.9972596039131472
Loss on Validation Data: 0.01862897430087479
EarlyStopping counter: 3 out of 7
----Epoch:8----
Training Time : 164.76771688461304
Val Infer Time: 7.895283222198486
BAS Score on Validation Data: 0.9972596039131472
Loss on Validation Data: 0.020719346708395113
EarlyStopping counter: 4 out of 7
----Epoch:9----
Training Time : 165.11238527297974
Val Infer Time: 7.8310205936431885
BAS Score on Validation Data: 0.9972596039131472
Loss on Validation Data: 0.02232646443684336
EarlyStopping counter: 5 out of 7
----Epoch:10----
Training Time : 164.36504483222961
Val Infer Time: 7.961964845657349
BAS Score on Validation Data: 0.9972596039131472
Loss on Validation Data: 0.021834003411128487
EarlyStopping counter: 6 out of 7
----Epoch:11----
Training Time : 165.87950134277344
Val Infer Time: 7.893258333206177
BAS Score on Validation Data: 0.997108088761632
Loss on Validation Data: 0.02082871593220133
EarlyStopping counter: 7 out of 7
Early Stop
Load the best weight after training: /gpfs/fs7/grdi/genarcc/wp1/genomics_unit/IAV/Retrain/model_weight/transformer_esm/06_NA_Protein_Subtype_t12/transformer_esm_5.pt
Inference Test Time: 98.77331113815308
Inference Test Time: 2.535670042037964
High Quality
0.9999836529187713 0.9993495219288236 0.9987194846255648 0.9999836529187713 0.9998709231196048
              precision    recall  f1-score   support

           0       1.00      1.00      1.00     13173
           1       1.00      1.00      1.00     13594
           2       0.99      1.00      1.00       130
           3       1.00      1.00      1.00        39
           4       1.00      1.00      1.00        81
           5       1.00      1.00      1.00       256
           6       1.00      1.00      1.00        45
           7       1.00      1.00      1.00       839
           8       1.00      1.00      1.00        62

    accuracy                           1.00     28219
   macro avg       1.00      1.00      1.00     28219
weighted avg       1.00      1.00      1.00     28219

Low Quality
0.9942617159279459 0.6231852504404731 0.625 0.6214135724549662 0.9736228780770053
              precision    recall  f1-score   support

           0       1.00      1.00      1.00       363
           1       1.00      0.97      0.99       347
           2       1.00      1.00      1.00         2
           3       0.00       nan      0.00         0
           6       0.00       nan      0.00         0
           7       1.00      1.00      1.00         7
           8       1.00      1.00      1.00         1
           9       0.00       nan      0.00         0

    accuracy                           0.99       720
   macro avg       0.62      0.99      0.62       720
weighted avg       1.00      0.99      0.99       720


High Quality Post 2020
                     mean       std       sem  count
Model                                               
transformer_esm  0.995917  0.007183  0.002933      6
                     mean       std       sem  count
Model                                               
transformer_esm  0.997513  0.004937  0.002016      6
                     mean       std       sem  count
Model                                               
transformer_esm  0.999753  0.000229  0.000093      6

Low Quality Post 2020
                     mean       std       sem  count
Model                                               
transformer_esm  0.689955  0.138378  0.056493      6
                     mean      std       sem  count
Model                                              
transformer_esm  0.938583  0.06021  0.024581      6
                     mean       std       sem  count
Model                                               
transformer_esm  0.967132  0.013714  0.005599      6
Saving Results
Fold: 6
Total Trainable Parameters:  33563085
Total Parameters:  33563085
----Epoch:1----
Training Time : 165.29161405563354
Val Infer Time: 7.872791051864624
BAS Score on Validation Data: 0.9964803150021196
Loss on Validation Data: 0.06427888131477463
Validation loss decreased (inf --> 0.064279).  Saving model ...
----Epoch:2----
Training Time : 164.44153380393982
Val Infer Time: 7.9353485107421875
BAS Score on Validation Data: 0.9964803150021196
Loss on Validation Data: 0.0330192635596638
Validation loss decreased (0.064279 --> 0.033019).  Saving model ...
----Epoch:3----
Training Time : 165.63239693641663
Val Infer Time: 7.921991586685181
BAS Score on Validation Data: 0.9964803150021196
Loss on Validation Data: 0.02150876835828096
Validation loss decreased (0.033019 --> 0.021509).  Saving model ...
----Epoch:4----
Training Time : 164.8007333278656
Val Infer Time: 7.869559288024902
BAS Score on Validation Data: 0.9951999052710057
Loss on Validation Data: 0.026916123559357415
EarlyStopping counter: 1 out of 7
----Epoch:5----
Training Time : 164.45835518836975
Val Infer Time: 7.834766149520874
BAS Score on Validation Data: 0.964609938521699
Loss on Validation Data: 0.06730170941478769
EarlyStopping counter: 2 out of 7
----Epoch:6----
Training Time : 164.7663938999176
Val Infer Time: 7.911752700805664
BAS Score on Validation Data: 0.9949651634869681
Loss on Validation Data: 0.027049857440968633
EarlyStopping counter: 3 out of 7
----Epoch:7----
Training Time : 165.41808319091797
Val Infer Time: 7.932031631469727
BAS Score on Validation Data: 0.9964803150021196
Loss on Validation Data: 0.02452496077183267
EarlyStopping counter: 4 out of 7
----Epoch:8----
Training Time : 165.67289280891418
Val Infer Time: 7.926011323928833
BAS Score on Validation Data: 0.9964803150021196
Loss on Validation Data: 0.025908535215216622
EarlyStopping counter: 5 out of 7
----Epoch:9----
Training Time : 164.29212164878845
Val Infer Time: 7.8817667961120605
BAS Score on Validation Data: 0.9964803150021196
Loss on Validation Data: 0.020436462539602334
Validation loss decreased (0.021509 --> 0.020436).  Saving model ...
----Epoch:10----
Training Time : 165.31348395347595
Val Infer Time: 7.903669595718384
BAS Score on Validation Data: 0.9964803150021196
Loss on Validation Data: 0.02395357983842702
EarlyStopping counter: 1 out of 7
----Epoch:11----
Training Time : 165.51820826530457
Val Infer Time: 7.911678314208984
BAS Score on Validation Data: 0.9964803150021196
Loss on Validation Data: 0.025518777294897696
EarlyStopping counter: 2 out of 7
----Epoch:12----
Training Time : 165.2777876853943
Val Infer Time: 7.831733703613281
BAS Score on Validation Data: 0.9964803150021196
Loss on Validation Data: 0.024889906055070986
EarlyStopping counter: 3 out of 7
----Epoch:13----
Training Time : 164.27067613601685
Val Infer Time: 7.906280755996704
BAS Score on Validation Data: 0.9790560725778772
Loss on Validation Data: 0.5496086150827543
EarlyStopping counter: 4 out of 7
----Epoch:14----
Training Time : 165.30564999580383
Val Infer Time: 7.875520467758179
BAS Score on Validation Data: 0.9964803150021196
Loss on Validation Data: 0.02936687257508157
EarlyStopping counter: 5 out of 7
----Epoch:15----
Training Time : 165.13107657432556
Val Infer Time: 7.87529444694519
BAS Score on Validation Data: 0.9964803150021196
Loss on Validation Data: 0.02691841560979964
EarlyStopping counter: 6 out of 7
----Epoch:16----
Training Time : 164.5079345703125
Val Infer Time: 7.830679178237915
BAS Score on Validation Data: 0.9964803150021196
Loss on Validation Data: 0.026601071981057316
EarlyStopping counter: 7 out of 7
Early Stop
Load the best weight after training: /gpfs/fs7/grdi/genarcc/wp1/genomics_unit/IAV/Retrain/model_weight/transformer_esm/06_NA_Protein_Subtype_t12/transformer_esm_6.pt
Inference Test Time: 98.69275164604187
Inference Test Time: 2.546996831893921
High Quality
0.9999836529187713 0.9993495219288236 0.9987194846255648 0.9999836529187713 0.9998709231196048
              precision    recall  f1-score   support

           0       1.00      1.00      1.00     13173
           1       1.00      1.00      1.00     13594
           2       0.99      1.00      1.00       130
           3       1.00      1.00      1.00        39
           4       1.00      1.00      1.00        81
           5       1.00      1.00      1.00       256
           6       1.00      1.00      1.00        45
           7       1.00      1.00      1.00       839
           8       1.00      1.00      1.00        62

    accuracy                           1.00     28219
   macro avg       1.00      1.00      1.00     28219
weighted avg       1.00      1.00      1.00     28219

Low Quality
0.8514843029645232 0.44417758099390653 0.45 0.5321776893528269 0.9072979098380525
              precision    recall  f1-score   support

           0       1.00      0.98      0.99       363
           1       1.00      0.93      0.96       347
           2       0.50      0.50      0.50         2
           3       0.00       nan      0.00         0
           4       0.00       nan      0.00         0
           6       0.00       nan      0.00         0
           7       1.00      0.86      0.92         7
           8       0.10      1.00      0.18         1

    accuracy                           0.95       720
   macro avg       0.45      0.85      0.44       720
weighted avg       1.00      0.95      0.97       720


High Quality Post 2020
                     mean       std       sem  count
Model                                               
transformer_esm  0.996408  0.006684  0.002526      7
                     mean       std      sem  count
Model                                              
transformer_esm  0.997866  0.004603  0.00174      7
                    mean       std       sem  count
Model                                              
transformer_esm  0.99977  0.000214  0.000081      7

Low Quality Post 2020
                     mean       std       sem  count
Model                                               
transformer_esm  0.654844  0.156801  0.059265      7
                    mean       std       sem  count
Model                                              
transformer_esm  0.92614  0.064068  0.024216      7
                     mean       std      sem  count
Model                                              
transformer_esm  0.958584  0.025849  0.00977      7
Saving Results
Fold: 7
Total Trainable Parameters:  33563085
Total Parameters:  33563085
----Epoch:1----
Training Time : 165.97859573364258
Val Infer Time: 7.883623123168945
BAS Score on Validation Data: 0.9976770951759373
Loss on Validation Data: 0.053305535249307125
Validation loss decreased (inf --> 0.053306).  Saving model ...
----Epoch:2----
Training Time : 165.610426902771
Val Infer Time: 7.901402711868286
BAS Score on Validation Data: 0.9976770951759373
Loss on Validation Data: 0.011788483341814766
Validation loss decreased (0.053306 --> 0.011788).  Saving model ...
----Epoch:3----
Training Time : 164.7704029083252
Val Infer Time: 7.828932523727417
BAS Score on Validation Data: 0.9976770951759373
Loss on Validation Data: 0.010503437947219526
Validation loss decreased (0.011788 --> 0.010503).  Saving model ...
----Epoch:4----
Training Time : 165.10538792610168
Val Infer Time: 7.9191577434539795
BAS Score on Validation Data: 0.9976770951759373
Loss on Validation Data: 0.010181654087254698
EarlyStopping counter: 1 out of 7
----Epoch:5----
Training Time : 165.59023189544678
Val Infer Time: 7.904283761978149
BAS Score on Validation Data: 0.9937895899870621
Loss on Validation Data: 0.022947186525438874
EarlyStopping counter: 2 out of 7
----Epoch:6----
Training Time : 165.63336157798767
Val Infer Time: 7.869539022445679
BAS Score on Validation Data: 0.9976770951759373
Loss on Validation Data: 0.011860045066601793
EarlyStopping counter: 3 out of 7
----Epoch:7----
Training Time : 164.4848175048828
Val Infer Time: 7.985301971435547
BAS Score on Validation Data: 0.9976770951759373
Loss on Validation Data: 0.014750790795390035
EarlyStopping counter: 4 out of 7
----Epoch:8----
Training Time : 165.61614656448364
Val Infer Time: 8.018200635910034
BAS Score on Validation Data: 0.9976770951759373
Loss on Validation Data: 0.01877257930980602
EarlyStopping counter: 5 out of 7
----Epoch:9----
Training Time : 165.62051796913147
Val Infer Time: 7.909939527511597
BAS Score on Validation Data: 0.9976770951759373
Loss on Validation Data: 0.01836542974055653
EarlyStopping counter: 6 out of 7
----Epoch:10----
Training Time : 165.32391548156738
Val Infer Time: 7.823981761932373
BAS Score on Validation Data: 0.996431765163484
Loss on Validation Data: 0.02067029444684445
EarlyStopping counter: 7 out of 7
Early Stop
Load the best weight after training: /gpfs/fs7/grdi/genarcc/wp1/genomics_unit/IAV/Retrain/model_weight/transformer_esm/06_NA_Protein_Subtype_t12/transformer_esm_7.pt
Inference Test Time: 97.97198724746704
Inference Test Time: 2.5443122386932373
High Quality
0.9986119108062884 0.9985932138467264 0.9985872094932896 0.9986119108062884 0.9998063821555365
              precision    recall  f1-score   support

           0       1.00      1.00      1.00     13173
           1       1.00      1.00      1.00     13594
           2       0.99      1.00      1.00       130
           3       1.00      1.00      1.00        39
           4       1.00      0.99      0.99        81
           5       1.00      1.00      1.00       256
           6       1.00      1.00      1.00        45
           7       1.00      1.00      1.00       839
           8       1.00      1.00      1.00        62

    accuracy                           1.00     28219
   macro avg       1.00      1.00      1.00     28219
weighted avg       1.00      1.00      1.00     28219

Low Quality
0.9851160279769136 0.5795656905421448 0.5785714285714285 0.7036543056977954 0.9339479286346546
              precision    recall  f1-score   support

           0       1.00      0.99      0.99       363
           1       1.00      0.94      0.97       347
           2       1.00      1.00      1.00         2
           3       0.00       nan      0.00         0
           6       0.00       nan      0.00         0
           7       1.00      1.00      1.00         7
           8       0.05      1.00      0.10         1

    accuracy                           0.96       720
   macro avg       0.58      0.99      0.58       720
weighted avg       1.00      0.96      0.98       720


High Quality Post 2020
                     mean       std       sem  count
Model                                               
transformer_esm  0.996681  0.006237  0.002205      8
                     mean      std      sem  count
Model                                             
transformer_esm  0.997959  0.00427  0.00151      8
                     mean       std      sem  count
Model                                              
transformer_esm  0.999774  0.000198  0.00007      8

Low Quality Post 2020
                     mean       std       sem  count
Model                                               
transformer_esm  0.645434  0.147589  0.052181      8
                     mean       std       sem  count
Model                                               
transformer_esm  0.933512  0.062874  0.022229      8
                     mean       std       sem  count
Model                                               
transformer_esm  0.955505  0.025467  0.009004      8
Saving Results
Fold: 8
Total Trainable Parameters:  33563085
Total Parameters:  33563085
----Epoch:1----
Training Time : 165.53533148765564
Val Infer Time: 7.925260543823242
BAS Score on Validation Data: 0.9059821454662341
Loss on Validation Data: 0.19877852856273381
Validation loss decreased (inf --> 0.198779).  Saving model ...
----Epoch:2----
Training Time : 165.03546500205994
Val Infer Time: 7.885662078857422
BAS Score on Validation Data: 0.9968912363753251
Loss on Validation Data: 0.01925326233178797
Validation loss decreased (0.198779 --> 0.019253).  Saving model ...
----Epoch:3----
Training Time : 165.4477777481079
Val Infer Time: 7.822753190994263
BAS Score on Validation Data: 0.9952245697086585
Loss on Validation Data: 0.02615317660318294
EarlyStopping counter: 1 out of 7
----Epoch:4----
Training Time : 164.44735765457153
Val Infer Time: 7.89638090133667
BAS Score on Validation Data: 0.9968912363753251
Loss on Validation Data: 0.020198337523870066
EarlyStopping counter: 2 out of 7
----Epoch:5----
Training Time : 165.5886435508728
Val Infer Time: 7.893902540206909
BAS Score on Validation Data: 0.9968912363753251
Loss on Validation Data: 0.021055837647176126
EarlyStopping counter: 3 out of 7
----Epoch:6----
Training Time : 165.2756485939026
Val Infer Time: 7.903972148895264
BAS Score on Validation Data: 0.9968912363753251
Loss on Validation Data: 0.02161780618865725
EarlyStopping counter: 4 out of 7
----Epoch:7----
Training Time : 164.82892179489136
Val Infer Time: 7.828288555145264
BAS Score on Validation Data: 0.9968912363753251
Loss on Validation Data: 0.020375277794582744
EarlyStopping counter: 5 out of 7
----Epoch:8----
Training Time : 165.64527082443237
Val Infer Time: 7.892892837524414
BAS Score on Validation Data: 0.9968912363753251
Loss on Validation Data: 0.022477169849083458
EarlyStopping counter: 6 out of 7
----Epoch:9----
Training Time : 165.4815080165863
Val Infer Time: 7.9574596881866455
BAS Score on Validation Data: 0.9968912363753251
Loss on Validation Data: 0.020951257887440667
EarlyStopping counter: 7 out of 7
Early Stop
Load the best weight after training: /gpfs/fs7/grdi/genarcc/wp1/genomics_unit/IAV/Retrain/model_weight/transformer_esm/06_NA_Protein_Subtype_t12/transformer_esm_8.pt
Inference Test Time: 98.88394522666931
Inference Test Time: 2.536353349685669
High Quality
0.9986119108062884 0.9985932138467264 0.9985872094932896 0.9986119108062884 0.9998063821555365
              precision    recall  f1-score   support

           0       1.00      1.00      1.00     13173
           1       1.00      1.00      1.00     13594
           2       0.99      1.00      1.00       130
           3       1.00      1.00      1.00        39
           4       1.00      0.99      0.99        81
           5       1.00      1.00      1.00       256
           6       1.00      1.00      1.00        45
           7       1.00      1.00      1.00       839
           8       1.00      1.00      1.00        62

    accuracy                           1.00     28219
   macro avg       1.00      1.00      1.00     28219
weighted avg       1.00      1.00      1.00     28219

Low Quality
0.8961432506887054 0.7744908646521482 0.8300376647834274 0.7467860422405878 0.9785525689156591
              precision    recall  f1-score   support

           0       1.00      0.98      0.99       363
           1       0.98      1.00      0.99       347
           2       1.00      0.50      0.67         2
           7       1.00      1.00      1.00         7
           8       1.00      1.00      1.00         1
          10       0.00       nan      0.00         0

    accuracy                           0.99       720
   macro avg       0.83      0.90      0.77       720
weighted avg       0.99      0.99      0.99       720


High Quality Post 2020
                     mean       std       sem  count
Model                                               
transformer_esm  0.996893  0.005869  0.001956      9
                     mean    std       sem  count
Model                                            
transformer_esm  0.998032  0.004  0.001333      9
                     mean       std       sem  count
Model                                               
transformer_esm  0.999778  0.000186  0.000062      9

Low Quality Post 2020
                     mean       std       sem  count
Model                                               
transformer_esm  0.659774  0.144604  0.048201      9
                    mean       std       sem  count
Model                                              
transformer_esm  0.92936  0.060118  0.020039      9
                     mean       std       sem  count
Model                                               
transformer_esm  0.958066  0.025031  0.008344      9
Saving Results
Fold: 9
Total Trainable Parameters:  33563085
Total Parameters:  33563085
----Epoch:1----
Training Time : 164.93269300460815
Val Infer Time: 7.82991361618042
BAS Score on Validation Data: 0.994535402610457
Loss on Validation Data: 0.05714230134453572
Validation loss decreased (inf --> 0.057142).  Saving model ...
----Epoch:2----
Training Time : 163.53546333312988
Val Infer Time: 7.8548784255981445
BAS Score on Validation Data: 0.9943838874589418
Loss on Validation Data: 0.04088286530803627
Validation loss decreased (0.057142 --> 0.040883).  Saving model ...
----Epoch:3----
Training Time : 164.4447636604309
Val Infer Time: 7.939049959182739
BAS Score on Validation Data: 0.994535402610457
Loss on Validation Data: 0.033617629341676204
Validation loss decreased (0.040883 --> 0.033618).  Saving model ...
----Epoch:4----
Training Time : 165.8869650363922
Val Infer Time: 7.910204648971558
BAS Score on Validation Data: 0.994535402610457
Loss on Validation Data: 0.03635482463828275
EarlyStopping counter: 1 out of 7
----Epoch:5----
Training Time : 165.73474526405334
Val Infer Time: 7.919628381729126
BAS Score on Validation Data: 0.994535402610457
Loss on Validation Data: 0.03372587636113167
EarlyStopping counter: 2 out of 7
----Epoch:6----
Training Time : 165.12697410583496
Val Infer Time: 7.83197283744812
BAS Score on Validation Data: 0.994535402610457
Loss on Validation Data: 0.033265663756870886
EarlyStopping counter: 3 out of 7
----Epoch:7----
Training Time : 165.21460843086243
Val Infer Time: 7.938505172729492
BAS Score on Validation Data: 0.994535402610457
Loss on Validation Data: 0.03415959312672347
EarlyStopping counter: 4 out of 7
----Epoch:8----
Training Time : 165.83477330207825
Val Infer Time: 7.92740535736084
BAS Score on Validation Data: 0.9943838874589418
Loss on Validation Data: 0.038500180651604286
EarlyStopping counter: 5 out of 7
----Epoch:9----
Training Time : 165.917795419693
Val Infer Time: 7.922792434692383
BAS Score on Validation Data: 0.9943838874589418
Loss on Validation Data: 0.03963323756003044
EarlyStopping counter: 6 out of 7
----Epoch:10----
Training Time : 164.30642366409302
Val Infer Time: 7.886022329330444
BAS Score on Validation Data: 0.9943838874589418
Loss on Validation Data: 0.04080072722174752
EarlyStopping counter: 7 out of 7
Early Stop
Load the best weight after training: /gpfs/fs7/grdi/genarcc/wp1/genomics_unit/IAV/Retrain/model_weight/transformer_esm/06_NA_Protein_Subtype_t12/transformer_esm_9.pt
Inference Test Time: 99.07524347305298
Inference Test Time: 2.5408449172973633
High Quality
0.9999836529187713 0.9993495219288236 0.9987194846255648 0.9999836529187713 0.9998709231196048
              precision    recall  f1-score   support

           0       1.00      1.00      1.00     13173
           1       1.00      1.00      1.00     13594
           2       0.99      1.00      1.00       130
           3       1.00      1.00      1.00        39
           4       1.00      1.00      1.00        81
           5       1.00      1.00      1.00       256
           6       1.00      1.00      1.00        45
           7       1.00      1.00      1.00       839
           8       1.00      1.00      1.00        62

    accuracy                           1.00     28219
   macro avg       1.00      1.00      1.00     28219
weighted avg       1.00      1.00      1.00     28219

Low Quality
0.9714285714285715 0.8205128205128206 0.8333333333333334 0.8095238095238096 0.9972987597114755
              precision    recall  f1-score   support

           0       1.00      1.00      1.00       363
           1       1.00      1.00      1.00       347
           2       1.00      1.00      1.00         2
           5       0.00       nan      0.00         0
           7       1.00      0.86      0.92         7
           8       1.00      1.00      1.00         1

    accuracy                           1.00       720
   macro avg       0.83      0.97      0.82       720
weighted avg       1.00      1.00      1.00       720


High Quality Post 2020
                     mean       std       sem  count
Model                                               
transformer_esm  0.997139  0.005587  0.001767     10
                     mean       std       sem  count
Model                                               
transformer_esm  0.998227  0.003821  0.001208     10
                     mean       std       sem  count
Model                                               
transformer_esm  0.999787  0.000177  0.000056     10

Low Quality Post 2020
                     mean       std       sem  count
Model                                               
transformer_esm  0.675848  0.145502  0.046012     10
                     mean      std       sem  count
Model                                              
transformer_esm  0.933567  0.05822  0.018411     10
                     mean       std       sem  count
Model                                               
transformer_esm  0.961989  0.026662  0.008431     10
Saving Results
